Component: ARM Compiler 5.06 update 6 (build 750) Tool: armlink [4d35ed]

==============================================================================

Section Cross References

    main.o(i.main) refers to misc.o(i.NVIC_PriorityGroupConfig) for NVIC_PriorityGroupConfig
    main.o(i.main) refers to delay.o(i.delay_init) for delay_init
    main.o(i.main) refers to usart.o(i.uart_init) for uart_init
    main.o(i.main) refers to seekfree_mt9v032.o(i.mt9v034_init) for mt9v034_init
    main.o(i.main) refers to seekfree_mt9v032.o(i.mt9v034_sendimg) for mt9v034_sendimg
    main.o(i.main) refers to dcmi.o(.data) for finish_flag_034
    system_stm32f4xx.o(i.SystemCoreClockUpdate) refers to system_stm32f4xx.o(.data) for SystemCoreClock
    system_stm32f4xx.o(i.SystemInit) refers to system_stm32f4xx.o(i.SetSysClock) for SetSysClock
    seekfree_mt9v032.o(i.mt9v034_init) refers to sccb_1.o(i.SCCB_Init) for SCCB_Init
    seekfree_mt9v032.o(i.mt9v034_init) refers to seekfree_mt9v032.o(i.mt9v034_reg_init) for mt9v034_reg_init
    seekfree_mt9v032.o(i.mt9v034_init) refers to dcmi.o(i.dcmi_init) for dcmi_init
    seekfree_mt9v032.o(i.mt9v034_init) refers to dcmi.o(i.dcmi_dma_init) for dcmi_dma_init
    seekfree_mt9v032.o(i.mt9v034_init) refers to seekfree_mt9v032.o(.bss) for image
    seekfree_mt9v032.o(i.mt9v034_reg_init) refers to sccb_1.o(i.SCCB_RD_Reg) for SCCB_RD_Reg
    seekfree_mt9v032.o(i.mt9v034_reg_init) refers to sccb_1.o(i.SCCB_WR_Reg) for SCCB_WR_Reg
    seekfree_mt9v032.o(i.mt9v034_reg_init) refers to seekfree_mt9v032.o(.data) for MT9V034_CFG
    seekfree_mt9v032.o(i.mt9v034_sendimg) refers to usart2.o(i.put_char) for put_char
    seekfree_mt9v032.o(i.mt9v034_sendimg) refers to usart2.o(i.uart_putbuff) for uart_putbuff
    seekfree_mt9v032.o(i.mt9v034_sendimg) refers to seekfree_mt9v032.o(.bss) for image
    led.o(i.LED_Init) refers to stm32f4xx_rcc.o(i.RCC_AHB1PeriphClockCmd) for RCC_AHB1PeriphClockCmd
    led.o(i.LED_Init) refers to stm32f4xx_gpio.o(i.GPIO_Init) for GPIO_Init
    led.o(i.LED_Init) refers to stm32f4xx_gpio.o(i.GPIO_SetBits) for GPIO_SetBits
    lcd.o(i.LCD_Clear) refers to lcd.o(i.LCD_SetCursor) for LCD_SetCursor
    lcd.o(i.LCD_Clear) refers to lcd.o(i.LCD_WriteRAM_Prepare) for LCD_WriteRAM_Prepare
    lcd.o(i.LCD_Clear) refers to lcd.o(.bss) for lcddev
    lcd.o(i.LCD_Color_Fill) refers to lcd.o(i.LCD_SetCursor) for LCD_SetCursor
    lcd.o(i.LCD_Color_Fill) refers to lcd.o(i.LCD_WriteRAM_Prepare) for LCD_WriteRAM_Prepare
    lcd.o(i.LCD_DisplayOff) refers to lcd.o(i.LCD_WR_REG) for LCD_WR_REG
    lcd.o(i.LCD_DisplayOff) refers to lcd.o(i.LCD_WriteReg) for LCD_WriteReg
    lcd.o(i.LCD_DisplayOff) refers to lcd.o(.bss) for lcddev
    lcd.o(i.LCD_DisplayOn) refers to lcd.o(i.LCD_WR_REG) for LCD_WR_REG
    lcd.o(i.LCD_DisplayOn) refers to lcd.o(i.LCD_WriteReg) for LCD_WriteReg
    lcd.o(i.LCD_DisplayOn) refers to lcd.o(.bss) for lcddev
    lcd.o(i.LCD_Display_Dir) refers to lcd.o(i.LCD_Scan_Dir) for LCD_Scan_Dir
    lcd.o(i.LCD_Display_Dir) refers to lcd.o(.bss) for lcddev
    lcd.o(i.LCD_DrawLine) refers to lcd.o(i.LCD_DrawPoint) for LCD_DrawPoint
    lcd.o(i.LCD_DrawPoint) refers to lcd.o(i.LCD_SetCursor) for LCD_SetCursor
    lcd.o(i.LCD_DrawPoint) refers to lcd.o(i.LCD_WriteRAM_Prepare) for LCD_WriteRAM_Prepare
    lcd.o(i.LCD_DrawPoint) refers to lcd.o(.data) for POINT_COLOR
    lcd.o(i.LCD_DrawRectangle) refers to lcd.o(i.LCD_DrawLine) for LCD_DrawLine
    lcd.o(i.LCD_Draw_Circle) refers to lcd.o(i.LCD_DrawPoint) for LCD_DrawPoint
    lcd.o(i.LCD_Fast_DrawPoint) refers to lcd.o(i.LCD_WR_REG) for LCD_WR_REG
    lcd.o(i.LCD_Fast_DrawPoint) refers to lcd.o(i.LCD_WR_DATA) for LCD_WR_DATA
    lcd.o(i.LCD_Fast_DrawPoint) refers to lcd.o(i.LCD_WriteReg) for LCD_WriteReg
    lcd.o(i.LCD_Fast_DrawPoint) refers to lcd.o(.bss) for lcddev
    lcd.o(i.LCD_Fill) refers to lcd.o(i.LCD_SetCursor) for LCD_SetCursor
    lcd.o(i.LCD_Fill) refers to lcd.o(i.LCD_WriteRAM_Prepare) for LCD_WriteRAM_Prepare
    lcd.o(i.LCD_Fill) refers to lcd.o(.bss) for lcddev
    lcd.o(i.LCD_Init) refers to stm32f4xx_rcc.o(i.RCC_AHB1PeriphClockCmd) for RCC_AHB1PeriphClockCmd
    lcd.o(i.LCD_Init) refers to stm32f4xx_rcc.o(i.RCC_AHB3PeriphClockCmd) for RCC_AHB3PeriphClockCmd
    lcd.o(i.LCD_Init) refers to stm32f4xx_gpio.o(i.GPIO_Init) for GPIO_Init
    lcd.o(i.LCD_Init) refers to stm32f4xx_gpio.o(i.GPIO_PinAFConfig) for GPIO_PinAFConfig
    lcd.o(i.LCD_Init) refers to stm32f4xx_fsmc.o(i.FSMC_NORSRAMInit) for FSMC_NORSRAMInit
    lcd.o(i.LCD_Init) refers to stm32f4xx_fsmc.o(i.FSMC_NORSRAMCmd) for FSMC_NORSRAMCmd
    lcd.o(i.LCD_Init) refers to delay.o(i.delay_ms) for delay_ms
    lcd.o(i.LCD_Init) refers to lcd.o(i.LCD_WriteReg) for LCD_WriteReg
    lcd.o(i.LCD_Init) refers to lcd.o(i.LCD_ReadReg) for LCD_ReadReg
    lcd.o(i.LCD_Init) refers to lcd.o(i.LCD_WR_REG) for LCD_WR_REG
    lcd.o(i.LCD_Init) refers to lcd.o(i.LCD_RD_DATA) for LCD_RD_DATA
    lcd.o(i.LCD_Init) refers to lcd.o(.bss) for lcddev
[...]
    dadd.o(.text) refers to depilogue.o(.text) for _double_epilogue
    ddiv.o(.text) refers to depilogue.o(.text) for _double_round
    dfixul.o(.text) refers to llushr.o(.text) for __aeabi_llsr
    dfixul.o(.text) refers to llshl.o(.text) for __aeabi_llsl
    init.o(.text) refers to entry5.o(.ARM.Collect$$$$00000004) for __main_after_scatterload


==============================================================================

Removing Unused input sections from the image.

    Removing main.o(.rev16_text), (4 bytes).
    Removing main.o(.revsh_text), (4 bytes).
    Removing stm32f4xx_it.o(.rev16_text), (4 bytes).
    Removing stm32f4xx_it.o(.revsh_text), (4 bytes).
    Removing system_stm32f4xx.o(.rev16_text), (4 bytes).
    Removing system_stm32f4xx.o(.revsh_text), (4 bytes).
    Removing system_stm32f4xx.o(i.SystemCoreClockUpdate), (192 bytes).
    Removing system_stm32f4xx.o(.data), (20 bytes).
    Removing seekfree_mt9v032.o(.rev16_text), (4 bytes).
    Removing seekfree_mt9v032.o(.revsh_text), (4 bytes).
    Removing seekfree_mt9v032.o(i.get_config), (2 bytes).
    Removing seekfree_mt9v032.o(i.set_exposure_time), (6 bytes).
    Removing led.o(.rev16_text), (4 bytes).
    Removing led.o(.revsh_text), (4 bytes).
    Removing led.o(i.LED_Init), (64 bytes).
    Removing lcd.o(.rev16_text), (4 bytes).
    Removing lcd.o(.revsh_text), (4 bytes).
    Removing lcd.o(i.LCD_BGR2RGB), (26 bytes).
    Removing lcd.o(i.LCD_Clear), (108 bytes).
    Removing lcd.o(i.LCD_Color_Fill), (96 bytes).
    Removing lcd.o(i.LCD_DisplayOff), (96 bytes).
    Removing lcd.o(i.LCD_DisplayOn), (96 bytes).
    Removing lcd.o(i.LCD_Display_Dir), (448 bytes).
    Removing lcd.o(i.LCD_DrawLine), (176 bytes).
    Removing lcd.o(i.LCD_DrawPoint), (36 bytes).
    Removing lcd.o(i.LCD_DrawRectangle), (60 bytes).
    Removing lcd.o(i.LCD_Draw_Circle), (152 bytes).
    Removing lcd.o(i.LCD_Fast_DrawPoint), (384 bytes).
    Removing lcd.o(i.LCD_Fill), (184 bytes).
    Removing lcd.o(i.LCD_Init), (14704 bytes).
    Removing lcd.o(i.LCD_Pow), (22 bytes).
    Removing lcd.o(i.LCD_RD_DATA), (20 bytes).
    Removing lcd.o(i.LCD_ReadPoint), (364 bytes).
    Removing lcd.o(i.LCD_ReadReg), (22 bytes).
    Removing lcd.o(i.LCD_SSD_BackLightSet), (96 bytes).
    Removing lcd.o(i.LCD_Scan_Dir), (748 bytes).
    Removing lcd.o(i.LCD_SetCursor), (424 bytes).
    Removing lcd.o(i.LCD_Set_Window), (532 bytes).
    Removing lcd.o(i.LCD_ShowChar), (296 bytes).
    Removing lcd.o(i.LCD_ShowNum), (148 bytes).
    Removing lcd.o(i.LCD_ShowString), (102 bytes).
    Removing lcd.o(i.LCD_ShowxNum), (190 bytes).
    Removing lcd.o(i.LCD_WR_DATA), (24 bytes).
    Removing lcd.o(i.LCD_WR_REG), (24 bytes).
    Removing lcd.o(i.LCD_WriteRAM), (12 bytes).
    Removing lcd.o(i.LCD_WriteRAM_Prepare), (20 bytes).
    Removing lcd.o(i.LCD_WriteReg), (20 bytes).
    Removing lcd.o(i.opt_delay), (14 bytes).
    Removing lcd.o(.bss), (14 bytes).
    Removing lcd.o(.constdata), (6080 bytes).
    Removing lcd.o(.data), (4 bytes).
    Removing key.o(.rev16_text), (4 bytes).
    Removing key.o(.revsh_text), (4 bytes).
    Removing key.o(i.KEY_Init), (68 bytes).
    Removing key.o(i.KEY_Scan), (200 bytes).
    Removing key.o(.data), (1 bytes).
    Removing sccb_1.o(.rev16_text), (4 bytes).
    Removing sccb_1.o(.revsh_text), (4 bytes).
    Removing usart2.o(.rev16_text), (4 bytes).
    Removing usart2.o(.revsh_text), (4 bytes).
    Removing usart2.o(i.usart2_init), (172 bytes).
    Removing timer.o(.rev16_text), (4 bytes).
    Removing timer.o(.revsh_text), (4 bytes).
    Removing timer.o(i.TIM3_Int_Init), (92 bytes).
    Removing sram.o(.rev16_text), (4 bytes).
    Removing sram.o(.revsh_text), (4 bytes).
    Removing sram.o(i.FSMC_SRAM_Init), (716 bytes).
    Removing sram.o(i.FSMC_SRAM_ReadBuffer), (22 bytes).
    Removing sram.o(i.FSMC_SRAM_WriteBuffer), (24 bytes).
    Removing dcmi.o(.rev16_text), (4 bytes).
    Removing dcmi.o(.revsh_text), (4 bytes).
    Removing dcmi.o(i.dcmi_stop), (40 bytes).
    Removing delay.o(.rev16_text), (4 bytes).
    Removing delay.o(.revsh_text), (4 bytes).
    Removing sys.o(.rev16_text), (4 bytes).
    Removing sys.o(.revsh_text), (4 bytes).
    Removing sys.o(.emb_text), (16 bytes).
    Removing usart.o(.rev16_text), (4 bytes).
    Removing usart.o(.revsh_text), (4 bytes).
    Removing usart.o(i._sys_exit), (4 bytes).
    Removing startup_stm32f40_41xxx.o(HEAP), (512 bytes).
    Removing misc.o(.rev16_text), (4 bytes).
    Removing misc.o(.revsh_text), (4 bytes).
    Removing misc.o(i.NVIC_SetVectorTable), (20 bytes).
    Removing misc.o(i.NVIC_SystemLPConfig), (32 bytes).
    Removing stm32f4xx_dcmi.o(.rev16_text), (4 bytes).
    Removing stm32f4xx_dcmi.o(.revsh_text), (4 bytes).
    Removing stm32f4xx_dcmi.o(i.DCMI_CROPCmd), (36 bytes).
    Removing stm32f4xx_dcmi.o(i.DCMI_CROPConfig), (32 bytes).
    Removing stm32f4xx_dcmi.o(i.DCMI_ClearFlag), (12 bytes).
    Removing stm32f4xx_dcmi.o(i.DCMI_GetFlagStatus), (52 bytes).
    Removing stm32f4xx_dcmi.o(i.DCMI_JPEGCmd), (36 bytes).
    Removing stm32f4xx_dcmi.o(i.DCMI_ReadData), (12 bytes).
    Removing stm32f4xx_dcmi.o(i.DCMI_SetEmbeddedSynchroCodes), (32 bytes).
    Removing stm32f4xx_dcmi.o(i.DCMI_StructInit), (18 bytes).
    Removing stm32f4xx_gpio.o(.rev16_text), (4 bytes).
    Removing stm32f4xx_gpio.o(.revsh_text), (4 bytes).
    Removing stm32f4xx_gpio.o(i.GPIO_DeInit), (312 bytes).
    Removing stm32f4xx_gpio.o(i.GPIO_PinLockConfig), (34 bytes).
    Removing stm32f4xx_gpio.o(i.GPIO_ReadInputData), (8 bytes).
    Removing stm32f4xx_gpio.o(i.GPIO_ReadInputDataBit), (18 bytes).
    Removing stm32f4xx_gpio.o(i.GPIO_ReadOutputData), (8 bytes).
    Removing stm32f4xx_gpio.o(i.GPIO_ReadOutputDataBit), (18 bytes).
    Removing stm32f4xx_gpio.o(i.GPIO_ResetBits), (4 bytes).
    Removing stm32f4xx_gpio.o(i.GPIO_StructInit), (18 bytes).
    Removing stm32f4xx_gpio.o(i.GPIO_ToggleBits), (8 bytes).
    Removing stm32f4xx_gpio.o(i.GPIO_Write), (4 bytes).
    Removing stm32f4xx_gpio.o(i.GPIO_WriteBit), (10 bytes).
    Removing stm32f4xx_fsmc.o(.rev16_text), (4 bytes).
    Removing stm32f4xx_fsmc.o(.revsh_text), (4 bytes).
    Removing stm32f4xx_fsmc.o(i.FSMC_ClearFlag), (64 bytes).
    Removing stm32f4xx_fsmc.o(i.FSMC_ClearITPendingBit), (72 bytes).
    Removing stm32f4xx_fsmc.o(i.FSMC_GetECC), (28 bytes).
    Removing stm32f4xx_fsmc.o(i.FSMC_GetFlagStatus), (56 bytes).
    Removing stm32f4xx_fsmc.o(i.FSMC_GetITStatus), (68 bytes).
    Removing stm32f4xx_fsmc.o(i.FSMC_ITConfig), (128 bytes).
    Removing stm32f4xx_fsmc.o(i.FSMC_NANDCmd), (92 bytes).
    Removing stm32f4xx_fsmc.o(i.FSMC_NANDDeInit), (68 bytes).
    Removing stm32f4xx_fsmc.o(i.FSMC_NANDECCCmd), (92 bytes).
    Removing stm32f4xx_fsmc.o(i.FSMC_NANDInit), (136 bytes).
    Removing stm32f4xx_fsmc.o(i.FSMC_NANDStructInit), (54 bytes).
    Removing stm32f4xx_fsmc.o(i.FSMC_NORSRAMCmd), (52 bytes).
    Removing stm32f4xx_fsmc.o(i.FSMC_NORSRAMDeInit), (54 bytes).
    Removing stm32f4xx_fsmc.o(i.FSMC_NORSRAMInit), (230 bytes).
    Removing stm32f4xx_fsmc.o(i.FSMC_NORSRAMStructInit), (52 bytes).
    Removing stm32f4xx_fsmc.o(i.FSMC_PCCARDCmd), (48 bytes).
    Removing stm32f4xx_fsmc.o(i.FSMC_PCCARDDeInit), (40 bytes).
    Removing stm32f4xx_fsmc.o(i.FSMC_PCCARDInit), (132 bytes).
    Removing stm32f4xx_fsmc.o(i.FSMC_PCCARDStructInit), (60 bytes).
    Removing stm32f4xx_fsmc.o(.constdata), (28 bytes).
    Removing stm32f4xx_dma.o(.rev16_text), (4 bytes).
    Removing stm32f4xx_dma.o(.revsh_text), (4 bytes).
    Removing stm32f4xx_dma.o(i.DMA_ClearFlag), (52 bytes).
    Removing stm32f4xx_dma.o(i.DMA_ClearITPendingBit), (52 bytes).
    Removing stm32f4xx_dma.o(i.DMA_FlowControllerConfig), (22 bytes).
    Removing stm32f4xx_dma.o(i.DMA_GetCurrDataCounter), (8 bytes).
    Removing stm32f4xx_dma.o(i.DMA_GetCurrentMemoryTarget), (20 bytes).
    Removing stm32f4xx_dma.o(i.DMA_GetFIFOStatus), (12 bytes).
    Removing stm32f4xx_dma.o(i.DMA_GetFlagStatus), (68 bytes).
    Removing stm32f4xx_dma.o(i.DMA_GetITStatus), (100 bytes).
    Removing stm32f4xx_dma.o(i.DMA_ITConfig), (58 bytes).
    Removing stm32f4xx_dma.o(i.DMA_MemoryTargetConfig), (10 bytes).
    Removing stm32f4xx_dma.o(i.DMA_PeriphIncOffsetSizeConfig), (22 bytes).
    Removing stm32f4xx_dma.o(i.DMA_SetCurrDataCounter), (4 bytes).
    Removing stm32f4xx_dma.o(i.DMA_StructInit), (34 bytes).
    Removing stm32f4xx_rcc.o(.rev16_text), (4 bytes).
    Removing stm32f4xx_rcc.o(.revsh_text), (4 bytes).
    Removing stm32f4xx_rcc.o(i.RCC_AHB1PeriphClockLPModeCmd), (32 bytes).
    Removing stm32f4xx_rcc.o(i.RCC_AHB1PeriphResetCmd), (32 bytes).
    Removing stm32f4xx_rcc.o(i.RCC_AHB2PeriphClockLPModeCmd), (32 bytes).
    Removing stm32f4xx_rcc.o(i.RCC_AHB2PeriphResetCmd), (32 bytes).
    Removing stm32f4xx_rcc.o(i.RCC_AHB3PeriphClockCmd), (32 bytes).
    Removing stm32f4xx_rcc.o(i.RCC_AHB3PeriphClockLPModeCmd), (32 bytes).
    Removing stm32f4xx_rcc.o(i.RCC_AHB3PeriphResetCmd), (32 bytes).
    Removing stm32f4xx_rcc.o(i.RCC_APB1PeriphClockLPModeCmd), (32 bytes).
    Removing stm32f4xx_rcc.o(i.RCC_APB1PeriphResetCmd), (32 bytes).
    Removing stm32f4xx_rcc.o(i.RCC_APB2PeriphClockLPModeCmd), (32 bytes).
    Removing stm32f4xx_rcc.o(i.RCC_APB2PeriphResetCmd), (32 bytes).
    Removing stm32f4xx_rcc.o(i.RCC_AdjustHSICalibrationValue), (24 bytes).
    Removing stm32f4xx_rcc.o(i.RCC_BackupResetCmd), (12 bytes).
    Removing stm32f4xx_rcc.o(i.RCC_ClearFlag), (20 bytes).
    Removing stm32f4xx_rcc.o(i.RCC_ClearITPendingBit), (12 bytes).
    Removing stm32f4xx_rcc.o(i.RCC_ClockSecuritySystemCmd), (12 bytes).
    Removing stm32f4xx_rcc.o(i.RCC_DeInit), (100 bytes).
    Removing stm32f4xx_rcc.o(i.RCC_GetFlagStatus), (64 bytes).
    Removing stm32f4xx_rcc.o(i.RCC_GetITStatus), (24 bytes).
    Removing stm32f4xx_rcc.o(i.RCC_GetSYSCLKSource), (16 bytes).
    Removing stm32f4xx_rcc.o(i.RCC_HCLKConfig), (24 bytes).
    Removing stm32f4xx_rcc.o(i.RCC_HSEConfig), (16 bytes).
    Removing stm32f4xx_rcc.o(i.RCC_HSICmd), (12 bytes).
    Removing stm32f4xx_rcc.o(i.RCC_I2SCLKConfig), (12 bytes).
    Removing stm32f4xx_rcc.o(i.RCC_ITConfig), (32 bytes).
    Removing stm32f4xx_rcc.o(i.RCC_LSEConfig), (44 bytes).
    Removing stm32f4xx_rcc.o(i.RCC_LSEModeConfig), (36 bytes).
    Removing stm32f4xx_rcc.o(i.RCC_LSICmd), (12 bytes).
    Removing stm32f4xx_rcc.o(i.RCC_LTDCCLKDivConfig), (24 bytes).
    Removing stm32f4xx_rcc.o(i.RCC_MCO1Config), (28 bytes).
    Removing stm32f4xx_rcc.o(i.RCC_MCO2Config), (28 bytes).
    Removing stm32f4xx_rcc.o(i.RCC_PCLK1Config), (24 bytes).
    Removing stm32f4xx_rcc.o(i.RCC_PCLK2Config), (24 bytes).
    Removing stm32f4xx_rcc.o(i.RCC_PLLCmd), (12 bytes).
    Removing stm32f4xx_rcc.o(i.RCC_PLLConfig), (36 bytes).
    Removing stm32f4xx_rcc.o(i.RCC_PLLI2SCmd), (12 bytes).
    Removing stm32f4xx_rcc.o(i.RCC_PLLI2SConfig), (16 bytes).
    Removing stm32f4xx_rcc.o(i.RCC_PLLSAICmd), (12 bytes).
    Removing stm32f4xx_rcc.o(i.RCC_PLLSAIConfig), (24 bytes).
    Removing stm32f4xx_rcc.o(i.RCC_RTCCLKCmd), (12 bytes).
    Removing stm32f4xx_rcc.o(i.RCC_RTCCLKConfig), (60 bytes).
    Removing stm32f4xx_rcc.o(i.RCC_SAIBlockACLKConfig), (24 bytes).
    Removing stm32f4xx_rcc.o(i.RCC_SAIBlockBCLKConfig), (24 bytes).
    Removing stm32f4xx_rcc.o(i.RCC_SAIPLLI2SClkDivConfig), (28 bytes).
    Removing stm32f4xx_rcc.o(i.RCC_SAIPLLSAIClkDivConfig), (28 bytes).
    Removing stm32f4xx_rcc.o(i.RCC_SYSCLKConfig), (24 bytes).
    Removing stm32f4xx_rcc.o(i.RCC_TIMCLKPresConfig), (12 bytes).
    Removing stm32f4xx_rcc.o(i.RCC_WaitForHSEStartUp), (56 bytes).
    Removing stm32f4xx_syscfg.o(.rev16_text), (4 bytes).
    Removing stm32f4xx_syscfg.o(.revsh_text), (4 bytes).
    Removing stm32f4xx_syscfg.o(i.SYSCFG_CompensationCellCmd), (12 bytes).
    Removing stm32f4xx_syscfg.o(i.SYSCFG_DeInit), (22 bytes).
    Removing stm32f4xx_syscfg.o(i.SYSCFG_ETH_MediaInterfaceConfig), (12 bytes).
    Removing stm32f4xx_syscfg.o(i.SYSCFG_EXTILineConfig), (64 bytes).
    Removing stm32f4xx_syscfg.o(i.SYSCFG_GetCompensationCellStatus), (24 bytes).
    Removing stm32f4xx_syscfg.o(i.SYSCFG_MemoryRemapConfig), (12 bytes).
    Removing stm32f4xx_syscfg.o(i.SYSCFG_MemorySwappingBank), (12 bytes).
    Removing stm32f4xx_usart.o(.rev16_text), (4 bytes).
    Removing stm32f4xx_usart.o(.revsh_text), (4 bytes).
    Removing stm32f4xx_usart.o(i.USART_ClearFlag), (18 bytes).
    Removing stm32f4xx_usart.o(i.USART_ClearITPendingBit), (30 bytes).
    Removing stm32f4xx_usart.o(i.USART_ClockInit), (32 bytes).
    Removing stm32f4xx_usart.o(i.USART_ClockStructInit), (12 bytes).
    Removing stm32f4xx_usart.o(i.USART_DMACmd), (18 bytes).
    Removing stm32f4xx_usart.o(i.USART_DeInit), (240 bytes).
    Removing stm32f4xx_usart.o(i.USART_GetFlagStatus), (26 bytes).
    Removing stm32f4xx_usart.o(i.USART_HalfDuplexCmd), (24 bytes).
    Removing stm32f4xx_usart.o(i.USART_IrDACmd), (24 bytes).
    Removing stm32f4xx_usart.o(i.USART_IrDAConfig), (18 bytes).
    Removing stm32f4xx_usart.o(i.USART_LINBreakDetectLengthConfig), (18 bytes).
    Removing stm32f4xx_usart.o(i.USART_LINCmd), (24 bytes).
    Removing stm32f4xx_usart.o(i.USART_OneBitMethodCmd), (24 bytes).
    Removing stm32f4xx_usart.o(i.USART_OverSampling8Cmd), (22 bytes).
    Removing stm32f4xx_usart.o(i.USART_ReceiverWakeUpCmd), (24 bytes).
    Removing stm32f4xx_usart.o(i.USART_SendBreak), (10 bytes).
    Removing stm32f4xx_usart.o(i.USART_SendData), (8 bytes).
    Removing stm32f4xx_usart.o(i.USART_SetAddress), (18 bytes).
    Removing stm32f4xx_usart.o(i.USART_SetGuardTime), (16 bytes).
    Removing stm32f4xx_usart.o(i.USART_SetPrescaler), (16 bytes).
    Removing stm32f4xx_usart.o(i.USART_SmartCardCmd), (24 bytes).
    Removing stm32f4xx_usart.o(i.USART_SmartCardNACKCmd), (24 bytes).
    Removing stm32f4xx_usart.o(i.USART_StructInit), (24 bytes).
    Removing stm32f4xx_usart.o(i.USART_WakeUpConfig), (18 bytes).
    Removing stm32f4xx_tim.o(.rev16_text), (4 bytes).
    Removing stm32f4xx_tim.o(.revsh_text), (4 bytes).
    Removing stm32f4xx_tim.o(i.TI1_Config), (58 bytes).
    Removing stm32f4xx_tim.o(i.TI2_Config), (80 bytes).
    Removing stm32f4xx_tim.o(i.TI3_Config), (72 bytes).
    Removing stm32f4xx_tim.o(i.TI4_Config), (80 bytes).
    Removing stm32f4xx_tim.o(i.TIM_ARRPreloadConfig), (24 bytes).
    Removing stm32f4xx_tim.o(i.TIM_BDTRConfig), (32 bytes).
    Removing stm32f4xx_tim.o(i.TIM_BDTRStructInit), (18 bytes).
    Removing stm32f4xx_tim.o(i.TIM_CCPreloadControl), (24 bytes).
    Removing stm32f4xx_tim.o(i.TIM_CCxCmd), (30 bytes).
    Removing stm32f4xx_tim.o(i.TIM_CCxNCmd), (30 bytes).
    Removing stm32f4xx_tim.o(i.TIM_ClearOC1Ref), (18 bytes).
    Removing stm32f4xx_tim.o(i.TIM_ClearOC2Ref), (24 bytes).
    Removing stm32f4xx_tim.o(i.TIM_ClearOC3Ref), (18 bytes).
    Removing stm32f4xx_tim.o(i.TIM_ClearOC4Ref), (24 bytes).
    Removing stm32f4xx_tim.o(i.TIM_CounterModeConfig), (18 bytes).
    Removing stm32f4xx_tim.o(i.TIM_CtrlPWMOutputs), (30 bytes).
    Removing stm32f4xx_tim.o(i.TIM_DMACmd), (18 bytes).
    Removing stm32f4xx_tim.o(i.TIM_DMAConfig), (10 bytes).
    Removing stm32f4xx_tim.o(i.TIM_DeInit), (400 bytes).
    Removing stm32f4xx_tim.o(i.TIM_ETRClockMode1Config), (54 bytes).
    Removing stm32f4xx_tim.o(i.TIM_ETRClockMode2Config), (32 bytes).
    Removing stm32f4xx_tim.o(i.TIM_ETRConfig), (28 bytes).
    Removing stm32f4xx_tim.o(i.TIM_EncoderInterfaceConfig), (66 bytes).
    Removing stm32f4xx_tim.o(i.TIM_ForcedOC1Config), (18 bytes).
    Removing stm32f4xx_tim.o(i.TIM_ForcedOC2Config), (26 bytes).
    Removing stm32f4xx_tim.o(i.TIM_ForcedOC3Config), (18 bytes).
    Removing stm32f4xx_tim.o(i.TIM_ForcedOC4Config), (26 bytes).
    Removing stm32f4xx_tim.o(i.TIM_GenerateEvent), (4 bytes).
    Removing stm32f4xx_tim.o(i.TIM_GetCapture1), (6 bytes).
    Removing stm32f4xx_tim.o(i.TIM_GetCapture2), (6 bytes).
    Removing stm32f4xx_tim.o(i.TIM_GetCapture3), (6 bytes).
    Removing stm32f4xx_tim.o(i.TIM_GetCapture4), (6 bytes).
    Removing stm32f4xx_tim.o(i.TIM_GetPrescaler), (6 bytes).
    Removing stm32f4xx_tim.o(i.TIM_ICInit), (110 bytes).
    Removing stm32f4xx_tim.o(i.TIM_ICStructInit), (18 bytes).
    Removing stm32f4xx_tim.o(i.TIM_ITRxExternalClockConfig), (24 bytes).
    Removing stm32f4xx_tim.o(i.TIM_InternalClockConfig), (12 bytes).
    Removing stm32f4xx_tim.o(i.TIM_OC1FastConfig), (18 bytes).
    Removing stm32f4xx_tim.o(i.TIM_OC1Init), (124 bytes).
    Removing stm32f4xx_tim.o(i.TIM_OC1NPolarityConfig), (18 bytes).
    Removing stm32f4xx_tim.o(i.TIM_OC1PolarityConfig), (18 bytes).
    Removing stm32f4xx_tim.o(i.TIM_OC1PreloadConfig), (18 bytes).
    Removing stm32f4xx_tim.o(i.TIM_OC2FastConfig), (26 bytes).
    Removing stm32f4xx_tim.o(i.TIM_OC2Init), (164 bytes).
    Removing stm32f4xx_tim.o(i.TIM_OC2NPolarityConfig), (26 bytes).
    Removing stm32f4xx_tim.o(i.TIM_OC2PolarityConfig), (26 bytes).
    Removing stm32f4xx_tim.o(i.TIM_OC2PreloadConfig), (26 bytes).
    Removing stm32f4xx_tim.o(i.TIM_OC3FastConfig), (18 bytes).
    Removing stm32f4xx_tim.o(i.TIM_OC3Init), (160 bytes).
    Removing stm32f4xx_tim.o(i.TIM_OC3NPolarityConfig), (26 bytes).
    Removing stm32f4xx_tim.o(i.TIM_OC3PolarityConfig), (26 bytes).
    Removing stm32f4xx_tim.o(i.TIM_OC3PreloadConfig), (18 bytes).
    Removing stm32f4xx_tim.o(i.TIM_OC4FastConfig), (26 bytes).
    Removing stm32f4xx_tim.o(i.TIM_OC4Init), (120 bytes).
    Removing stm32f4xx_tim.o(i.TIM_OC4PolarityConfig), (26 bytes).
    Removing stm32f4xx_tim.o(i.TIM_OC4PreloadConfig), (26 bytes).
    Removing stm32f4xx_tim.o(i.TIM_OCStructInit), (20 bytes).
    Removing stm32f4xx_tim.o(i.TIM_PWMIConfig), (124 bytes).
    Removing stm32f4xx_tim.o(i.TIM_PrescalerConfig), (6 bytes).
    Removing stm32f4xx_tim.o(i.TIM_RemapConfig), (6 bytes).
    Removing stm32f4xx_tim.o(i.TIM_SelectCCDMA), (24 bytes).
    Removing stm32f4xx_tim.o(i.TIM_SelectCOM), (24 bytes).
    Removing stm32f4xx_tim.o(i.TIM_SelectHallSensor), (24 bytes).
    Removing stm32f4xx_tim.o(i.TIM_SelectInputTrigger), (18 bytes).
    Removing stm32f4xx_tim.o(i.TIM_SelectMasterSlaveMode), (18 bytes).
    Removing stm32f4xx_tim.o(i.TIM_SelectOCxM), (86 bytes).
    Removing stm32f4xx_tim.o(i.TIM_SelectOnePulseMode), (18 bytes).
    Removing stm32f4xx_tim.o(i.TIM_SelectOutputTrigger), (18 bytes).
    Removing stm32f4xx_tim.o(i.TIM_SelectSlaveMode), (18 bytes).
    Removing stm32f4xx_tim.o(i.TIM_SetClockDivision), (18 bytes).
    Removing stm32f4xx_tim.o(i.TIM_SetCompare1), (4 bytes).
    Removing stm32f4xx_tim.o(i.TIM_SetCompare2), (4 bytes).
    Removing stm32f4xx_tim.o(i.TIM_SetCompare3), (4 bytes).
    Removing stm32f4xx_tim.o(i.TIM_SetCompare4), (4 bytes).
    Removing stm32f4xx_tim.o(i.TIM_SetIC1Prescaler), (18 bytes).
    Removing stm32f4xx_tim.o(i.TIM_SetIC2Prescaler), (26 bytes).
    Removing stm32f4xx_tim.o(i.TIM_SetIC3Prescaler), (18 bytes).
    Removing stm32f4xx_tim.o(i.TIM_SetIC4Prescaler), (26 bytes).
    Removing stm32f4xx_tim.o(i.TIM_TIxExternalClockConfig), (62 bytes).
    Removing stm32f4xx_tim.o(i.TIM_TimeBaseStructInit), (18 bytes).
    Removing stm32f4xx_tim.o(i.TIM_UpdateDisableConfig), (24 bytes).
    Removing stm32f4xx_tim.o(i.TIM_UpdateRequestConfig), (24 bytes).
    Removing stm32f4xx_exti.o(.rev16_text), (4 bytes).
    Removing stm32f4xx_exti.o(.revsh_text), (4 bytes).
    Removing stm32f4xx_exti.o(i.EXTI_ClearFlag), (12 bytes).
    Removing stm32f4xx_exti.o(i.EXTI_ClearITPendingBit), (12 bytes).
    Removing stm32f4xx_exti.o(i.EXTI_DeInit), (36 bytes).
    Removing stm32f4xx_exti.o(i.EXTI_GenerateSWInterrupt), (16 bytes).
    Removing stm32f4xx_exti.o(i.EXTI_GetFlagStatus), (24 bytes).
    Removing stm32f4xx_exti.o(i.EXTI_GetITStatus), (24 bytes).
    Removing stm32f4xx_exti.o(i.EXTI_Init), (148 bytes).
    Removing stm32f4xx_exti.o(i.EXTI_StructInit), (16 bytes).
    Removing usmart.o(.rev16_text), (4 bytes).
    Removing usmart.o(.revsh_text), (4 bytes).
    Removing usmart_config.o(.rev16_text), (4 bytes).
    Removing usmart_config.o(.revsh_text), (4 bytes).
    Removing usmart_str.o(.rev16_text), (4 bytes).
    Removing usmart_str.o(.revsh_text), (4 bytes).
    Removing dmul.o(.text), (228 bytes).
    Removing dfltui.o(.text), (26 bytes).
    Removing dfixui.o(.text), (50 bytes).
    Removing depilogue.o(.text), (186 bytes).
    Removing dadd.o(.text), (334 bytes).
    Removing ddiv.o(.text), (222 bytes).
    Removing dfixul.o(.text), (48 bytes).
    Removing cdrcmple.o(.text), (48 bytes).

338 unused section(s) (total 37527 bytes) removed from the image.

==============================================================================

Image Symbol Table

    Local Symbols

    Symbol Name                              Value     Ov Type        Size  Object(Section)

    ../clib/../cmprslib/zerorunl2.c          0x00000000   Number         0  __dczerorl2.o ABSOLUTE
    ../clib/microlib/division.c              0x00000000   Number         0  uidiv.o ABSOLUTE
    ../clib/microlib/division.c              0x00000000   Number         0  uldiv.o ABSOLUTE
    ../clib/microlib/init/entry.s            0x00000000   Number         0  entry11a.o ABSOLUTE
    ../clib/microlib/init/entry.s            0x00000000   Number         0  entry10b.o ABSOLUTE
    ../clib/microlib/init/entry.s            0x00000000   Number         0  entry10a.o ABSOLUTE
    ../clib/microlib/init/entry.s            0x00000000   Number         0  entry9b.o ABSOLUTE
    ../clib/microlib/init/entry.s            0x00000000   Number         0  entry11b.o ABSOLUTE
    ../clib/microlib/init/entry.s            0x00000000   Number         0  entry8b.o ABSOLUTE
    ../clib/microlib/init/entry.s            0x00000000   Number         0  entry8a.o ABSOLUTE
    ../clib/microlib/init/entry.s            0x00000000   Number         0  entry5.o ABSOLUTE
    ../clib/microlib/init/entry.s            0x00000000   Number         0  entry9a.o ABSOLUTE
    ../clib/microlib/init/entry.s            0x00000000   Number         0  entry2.o ABSOLUTE
    ../clib/microlib/init/entry.s            0x00000000   Number         0  entry.o ABSOLUTE
    ../clib/microlib/init/entry.s            0x00000000   Number         0  entry7b.o ABSOLUTE
    ../clib/microlib/init/entry.s            0x00000000   Number         0  entry7a.o ABSOLUTE
    ../clib/microlib/longlong.c              0x00000000   Number         0  llsshr.o ABSOLUTE
    ../clib/microlib/longlong.c              0x00000000   Number         0  llshl.o ABSOLUTE
    ../clib/microlib/longlong.c              0x00000000   Number         0  llushr.o ABSOLUTE
    ../clib/microlib/printf/printf.c         0x00000000   Number         0  printf6.o ABSOLUTE
    ../clib/microlib/printf/printf.c         0x00000000   Number         0  printf7.o ABSOLUTE
    ../clib/microlib/printf/printf.c         0x00000000   Number         0  printf8.o ABSOLUTE
    ../clib/microlib/printf/printf.c         0x00000000   Number         0  printfa.o ABSOLUTE
    ../clib/microlib/printf/printf.c         0x00000000   Number         0  printfb.o ABSOLUTE
    ../clib/microlib/printf/printf.c         0x00000000   Number         0  printf4.o ABSOLUTE
    ../clib/microlib/printf/printf.c         0x00000000   Number         0  printf0.o ABSOLUTE
    ../clib/microlib/printf/printf.c         0x00000000   Number         0  printf1.o ABSOLUTE
    ../clib/microlib/printf/printf.c         0x00000000   Number         0  printf2.o ABSOLUTE
    ../clib/microlib/printf/printf.c         0x00000000   Number         0  printf3.o ABSOLUTE
    ../clib/microlib/printf/printf.c         0x00000000   Number         0  printf5.o ABSOLUTE
    ../clib/microlib/printf/stubs.s          0x00000000   Number         0  stubs.o ABSOLUTE
    ../clib/microlib/stubs.s                 0x00000000   Number         0  useno.o ABSOLUTE
    ../clib/microlib/stubs.s                 0x00000000   Number         0  iusefp.o ABSOLUTE
    ../fplib/microlib/fpadd.c                0x00000000   Number         0  dadd.o ABSOLUTE
    ../fplib/microlib/fpdiv.c                0x00000000   Number         0  ddiv.o ABSOLUTE
    ../fplib/microlib/fpepilogue.c           0x00000000   Number         0  depilogue.o ABSOLUTE
    ../fplib/microlib/fpfix.c                0x00000000   Number         0  dfixui.o ABSOLUTE
    ../fplib/microlib/fpfix.c                0x00000000   Number         0  dfixul.o ABSOLUTE
    ../fplib/microlib/fpflt.c                0x00000000   Number         0  dfltui.o ABSOLUTE
    ../fplib/microlib/fpmul.c                0x00000000   Number         0  dmul.o ABSOLUTE
    ..\CORE\startup_stm32f40_41xxx.s         0x00000000   Number         0  startup_stm32f40_41xxx.o ABSOLUTE
    ..\FWLIB\src\misc.c                      0x00000000   Number         0  misc.o ABSOLUTE
    ..\FWLIB\src\stm32f4xx_dcmi.c            0x00000000   Number         0  stm32f4xx_dcmi.o ABSOLUTE
    ..\FWLIB\src\stm32f4xx_dma.c             0x00000000   Number         0  stm32f4xx_dma.o ABSOLUTE
    ..\FWLIB\src\stm32f4xx_exti.c            0x00000000   Number         0  stm32f4xx_exti.o ABSOLUTE
    ..\FWLIB\src\stm32f4xx_fsmc.c            0x00000000   Number         0  stm32f4xx_fsmc.o ABSOLUTE
    ..\FWLIB\src\stm32f4xx_gpio.c            0x00000000   Number         0  stm32f4xx_gpio.o ABSOLUTE
    ..\FWLIB\src\stm32f4xx_rcc.c             0x00000000   Number         0  stm32f4xx_rcc.o ABSOLUTE
    ..\FWLIB\src\stm32f4xx_syscfg.c          0x00000000   Number         0  stm32f4xx_syscfg.o ABSOLUTE
    ..\FWLIB\src\stm32f4xx_tim.c             0x00000000   Number         0  stm32f4xx_tim.o ABSOLUTE
    ..\FWLIB\src\stm32f4xx_usart.c           0x00000000   Number         0  stm32f4xx_usart.o ABSOLUTE
    ..\HARDWARE\DCMI\dcmi.c                  0x00000000   Number         0  dcmi.o ABSOLUTE
    ..\HARDWARE\KEY\key.c                    0x00000000   Number         0  key.o ABSOLUTE
    ..\HARDWARE\LCD\lcd.c                    0x00000000   Number         0  lcd.o ABSOLUTE
    ..\HARDWARE\LED\led.c                    0x00000000   Number         0  led.o ABSOLUTE
    ..\HARDWARE\OV2640\sccb.c                0x00000000   Number         0  sccb_1.o ABSOLUTE
    ..\HARDWARE\SRAM\sram.c                  0x00000000   Number         0  sram.o ABSOLUTE
    ..\HARDWARE\TIMER\timer.c                0x00000000   Number         0  timer.o ABSOLUTE
    ..\HARDWARE\USART2\usart2.c              0x00000000   Number         0  usart2.o ABSOLUTE
    ..\SEEKFREE\SEEKFREE_MT9V032.c           0x00000000   Number         0  seekfree_mt9v032.o ABSOLUTE
    ..\SYSTEM\delay\delay.c                  0x00000000   Number         0  delay.o ABSOLUTE
    ..\SYSTEM\sys\sys.c                      0x00000000   Number         0  sys.o ABSOLUTE
    ..\SYSTEM\usart\usart.c                  0x00000000   Number         0  usart.o ABSOLUTE
    ..\USMART\usmart.c                       0x00000000   Number         0  usmart.o ABSOLUTE
    ..\USMART\usmart_config.c                0x00000000   Number         0  usmart_config.o ABSOLUTE
    ..\USMART\usmart_str.c                   0x00000000   Number         0  usmart_str.o ABSOLUTE
    ..\\FWLIB\\src\\misc.c                   0x00000000   Number         0  misc.o ABSOLUTE
    ..\\FWLIB\\src\\stm32f4xx_dcmi.c         0x00000000   Number         0  stm32f4xx_dcmi.o ABSOLUTE
    ..\\FWLIB\\src\\stm32f4xx_dma.c          0x00000000   Number         0  stm32f4xx_dma.o ABSOLUTE
    ..\\FWLIB\\src\\stm32f4xx_exti.c         0x00000000   Number         0  stm32f4xx_exti.o ABSOLUTE
    ..\\FWLIB\\src\\stm32f4xx_fsmc.c         0x00000000   Number         0  stm32f4xx_fsmc.o ABSOLUTE
    ..\\FWLIB\\src\\stm32f4xx_gpio.c         0x00000000   Number         0  stm32f4xx_gpio.o ABSOLUTE
    ..\\FWLIB\\src\\stm32f4xx_rcc.c          0x00000000   Number         0  stm32f4xx_rcc.o ABSOLUTE
    ..\\FWLIB\\src\\stm32f4xx_syscfg.c       0x00000000   Number         0  stm32f4xx_syscfg.o ABSOLUTE
    ..\\FWLIB\\src\\stm32f4xx_tim.c          0x00000000   Number         0  stm32f4xx_tim.o ABSOLUTE
    ..\\FWLIB\\src\\stm32f4xx_usart.c        0x00000000   Number         0  stm32f4xx_usart.o ABSOLUTE
    ..\\HARDWARE\\DCMI\\dcmi.c               0x00000000   Number         0  dcmi.o ABSOLUTE
    ..\\HARDWARE\\KEY\\key.c                 0x00000000   Number         0  key.o ABSOLUTE
    ..\\HARDWARE\\LCD\\lcd.c                 0x00000000   Number         0  lcd.o ABSOLUTE
    ..\\HARDWARE\\LED\\led.c                 0x00000000   Number         0  led.o ABSOLUTE
    ..\\HARDWARE\\OV2640\\sccb.c             0x00000000   Number         0  sccb_1.o ABSOLUTE
    ..\\HARDWARE\\SRAM\\sram.c               0x00000000   Number         0  sram.o ABSOLUTE
    ..\\HARDWARE\\TIMER\\timer.c             0x00000000   Number         0  timer.o ABSOLUTE
    ..\\HARDWARE\\USART2\\usart2.c           0x00000000   Number         0  usart2.o ABSOLUTE
    ..\\SEEKFREE\\SEEKFREE_MT9V032.c         0x00000000   Number         0  seekfree_mt9v032.o ABSOLUTE
    ..\\SYSTEM\\delay\\delay.c               0x00000000   Number         0  delay.o ABSOLUTE
    ..\\SYSTEM\\sys\\sys.c                   0x00000000   Number         0  sys.o ABSOLUTE
    ..\\SYSTEM\\usart\\usart.c               0x00000000   Number         0  usart.o ABSOLUTE
    ..\\USMART\\usmart.c                     0x00000000   Number         0  usmart.o ABSOLUTE
    ..\\USMART\\usmart_config.c              0x00000000   Number         0  usmart_config.o ABSOLUTE
    ..\\USMART\\usmart_str.c                 0x00000000   Number         0  usmart_str.o ABSOLUTE
    cdrcmple.s                               0x00000000   Number         0  cdrcmple.o ABSOLUTE
    dc.s                                     0x00000000   Number         0  dc.o ABSOLUTE
    handlers.s                               0x00000000   Number         0  handlers.o ABSOLUTE
    init.s                                   0x00000000   Number         0  init.o ABSOLUTE
    main.c                                   0x00000000   Number         0  main.o ABSOLUTE
    main.c                                   0x00000000   Number         0  main.o ABSOLUTE
    stm32f4xx_it.c                           0x00000000   Number         0  stm32f4xx_it.o ABSOLUTE
    stm32f4xx_it.c                           0x00000000   Number         0  stm32f4xx_it.o ABSOLUTE
    system_stm32f4xx.c                       0x00000000   Number         0  system_stm32f4xx.o ABSOLUTE
    system_stm32f4xx.c                       0x00000000   Number         0  system_stm32f4xx.o ABSOLUTE
    RESET                                    0x08000000   Section      392  startup_stm32f40_41xxx.o(RESET)
    .ARM.Collect$$$$00000000                 0x08000188   Section        0  entry.o(.ARM.Collect$$$$00000000)
    .ARM.Collect$$$$00000001                 0x08000188   Section        4  entry2.o(.ARM.Collect$$$$00000001)
    .ARM.Collect$$$$00000004                 0x0800018c   Section        4  entry5.o(.ARM.Collect$$$$00000004)
    .ARM.Collect$$$$00000008                 0x08000190   Section        0  entry7b.o(.ARM.Collect$$$$00000008)
    .ARM.Collect$$$$0000000A                 0x08000190   Section        0  entry8b.o(.ARM.Collect$$$$0000000A)
    .ARM.Collect$$$$0000000B                 0x08000190   Section        8  entry9a.o(.ARM.Collect$$$$0000000B)
    .ARM.Collect$$$$0000000D                 0x08000198   Section        0  entry10a.o(.ARM.Collect$$$$0000000D)
    .ARM.Collect$$$$0000000F                 0x08000198   Section        0  entry11a.o(.ARM.Collect$$$$0000000F)
    .ARM.Collect$$$$00002712                 0x08000198   Section        4  entry2.o(.ARM.Collect$$$$00002712)
    __lit__00000000                          0x08000198   Data           4  entry2.o(.ARM.Collect$$$$00002712)
    .text                                    0x0800019c   Section       36  startup_stm32f40_41xxx.o(.text)
    $v0                                      0x0800019c   Number         0  startup_stm32f40_41xxx.o(.text)
    .text                                    0x080001c0   Section        0  uldiv.o(.text)
    .text                                    0x08000222   Section        0  llushr.o(.text)
    .text                                    0x08000244   Section       36  init.o(.text)
    .text                                    0x08000268   Section        0  llshl.o(.text)
    .text                                    0x08000286   Section        0  __dczerorl2.o(.text)
    i.BusFault_Handler                       0x080002dc   Section        0  stm32f4xx_it.o(i.BusFault_Handler)
    i.DCMI_CaptureCmd                        0x080002e0   Section        0  stm32f4xx_dcmi.o(i.DCMI_CaptureCmd)
    i.DCMI_ClearITPendingBit                 0x08000304   Section        0  stm32f4xx_dcmi.o(i.DCMI_ClearITPendingBit)
    i.DCMI_Cmd                               0x08000310   Section        0  stm32f4xx_dcmi.o(i.DCMI_Cmd)
    i.DCMI_DeInit                            0x08000334   Section        0  stm32f4xx_dcmi.o(i.DCMI_DeInit)
    i.DCMI_GetITStatus                       0x08000350   Section        0  stm32f4xx_dcmi.o(i.DCMI_GetITStatus)
    i.DCMI_IRQHandler                        0x0800036c   Section        0  dcmi.o(i.DCMI_IRQHandler)
    i.DCMI_ITConfig                          0x08000390   Section        0  stm32f4xx_dcmi.o(i.DCMI_ITConfig)
    i.DCMI_Init                              0x080003b4   Section        0  stm32f4xx_dcmi.o(i.DCMI_Init)
    i.DMA_Cmd                                0x080003f4   Section        0  stm32f4xx_dma.o(i.DMA_Cmd)
    i.DMA_DeInit                             0x0800040c   Section        0  stm32f4xx_dma.o(i.DMA_DeInit)
    i.DMA_DoubleBufferModeCmd                0x08000564   Section        0  stm32f4xx_dma.o(i.DMA_DoubleBufferModeCmd)
    i.DMA_DoubleBufferModeConfig             0x0800057a   Section        0  stm32f4xx_dma.o(i.DMA_DoubleBufferModeConfig)
    i.DMA_GetCmdStatus                       0x08000592   Section        0  stm32f4xx_dma.o(i.DMA_GetCmdStatus)
    i.DMA_Init                               0x080005a8   Section        0  stm32f4xx_dma.o(i.DMA_Init)
    i.DebugMon_Handler                       0x08000600   Section        0  stm32f4xx_it.o(i.DebugMon_Handler)
    i.GPIO_Init                              0x08000602   Section        0  stm32f4xx_gpio.o(i.GPIO_Init)
    i.GPIO_PinAFConfig                       0x08000692   Section        0  stm32f4xx_gpio.o(i.GPIO_PinAFConfig)
    i.GPIO_SetBits                           0x080006d8   Section        0  stm32f4xx_gpio.o(i.GPIO_SetBits)
    i.HardFault_Handler                      0x080006dc   Section        0  stm32f4xx_it.o(i.HardFault_Handler)
    i.MemManage_Handler                      0x080006e0   Section        0  stm32f4xx_it.o(i.MemManage_Handler)
    i.NMI_Handler                            0x080006e4   Section        0  stm32f4xx_it.o(i.NMI_Handler)
    i.NVIC_Init                              0x080006e8   Section        0  misc.o(i.NVIC_Init)
    i.NVIC_PriorityGroupConfig               0x08000760   Section        0  misc.o(i.NVIC_PriorityGroupConfig)
    i.PendSV_Handler                         0x08000774   Section        0  stm32f4xx_it.o(i.PendSV_Handler)
    i.RCC_AHB1PeriphClockCmd                 0x08000778   Section        0  stm32f4xx_rcc.o(i.RCC_AHB1PeriphClockCmd)
    i.RCC_AHB2PeriphClockCmd                 0x08000798   Section        0  stm32f4xx_rcc.o(i.RCC_AHB2PeriphClockCmd)
    i.RCC_APB1PeriphClockCmd                 0x080007b8   Section        0  stm32f4xx_rcc.o(i.RCC_APB1PeriphClockCmd)
    i.RCC_APB2PeriphClockCmd                 0x080007d8   Section        0  stm32f4xx_rcc.o(i.RCC_APB2PeriphClockCmd)
    i.RCC_GetClocksFreq                      0x080007f8   Section        0  stm32f4xx_rcc.o(i.RCC_GetClocksFreq)
    i.SCCB_Init                              0x080008e0   Section        0  sccb_1.o(i.SCCB_Init)
    i.SCCB_No_Ack                            0x0800093c   Section        0  sccb_1.o(i.SCCB_No_Ack)
    i.SCCB_RD_Byte                           0x08000974   Section        0  sccb_1.o(i.SCCB_RD_Byte)
    i.SCCB_RD_Reg                            0x080009e0   Section        0  sccb_1.o(i.SCCB_RD_Reg)
    i.SCCB_Start                             0x08000a30   Section        0  sccb_1.o(i.SCCB_Start)
    i.SCCB_Stop                              0x08000a60   Section        0  sccb_1.o(i.SCCB_Stop)
    i.SCCB_WR_Byte                           0x08000a8c   Section        0  sccb_1.o(i.SCCB_WR_Byte)
    i.SCCB_WR_Reg                            0x08000b2c   Section        0  sccb_1.o(i.SCCB_WR_Reg)
    i.SVC_Handler                            0x08000b6a   Section        0  stm32f4xx_it.o(i.SVC_Handler)
    i.SetSysClock                            0x08000b6c   Section        0  system_stm32f4xx.o(i.SetSysClock)
    SetSysClock                              0x08000b6d   Thumb Code   220  system_stm32f4xx.o(i.SetSysClock)
    i.SysTick_CLKSourceConfig                0x08000c58   Section        0  misc.o(i.SysTick_CLKSourceConfig)
    i.SysTick_Handler                        0x08000c80   Section        0  stm32f4xx_it.o(i.SysTick_Handler)
    i.SystemInit                             0x08000c84   Section        0  system_stm32f4xx.o(i.SystemInit)
    i.TIM3_IRQHandler                        0x08000cec   Section        0  timer.o(i.TIM3_IRQHandler)
    i.TIM4_IRQHandler                        0x08000d04   Section        0  usmart.o(i.TIM4_IRQHandler)
    i.TIM_ClearFlag                          0x08000d3c   Section        0  stm32f4xx_tim.o(i.TIM_ClearFlag)
    i.TIM_ClearITPendingBit                  0x08000d42   Section        0  stm32f4xx_tim.o(i.TIM_ClearITPendingBit)
    i.TIM_Cmd                                0x08000d48   Section        0  stm32f4xx_tim.o(i.TIM_Cmd)
    i.TIM_GetCounter                         0x08000d60   Section        0  stm32f4xx_tim.o(i.TIM_GetCounter)
    i.TIM_GetFlagStatus                      0x08000d66   Section        0  stm32f4xx_tim.o(i.TIM_GetFlagStatus)
    i.TIM_GetITStatus                        0x08000d78   Section        0  stm32f4xx_tim.o(i.TIM_GetITStatus)
    i.TIM_ITConfig                           0x08000d9a   Section        0  stm32f4xx_tim.o(i.TIM_ITConfig)
    i.TIM_SetAutoreload                      0x08000dac   Section        0  stm32f4xx_tim.o(i.TIM_SetAutoreload)
    i.TIM_SetCounter                         0x08000db0   Section        0  stm32f4xx_tim.o(i.TIM_SetCounter)
    i.TIM_TimeBaseInit                       0x08000db4   Section        0  stm32f4xx_tim.o(i.TIM_TimeBaseInit)
    i.Timer4_Init                            0x08000e38   Section        0  usmart.o(i.Timer4_Init)
    i.USART1_IRQHandler                      0x08000e94   Section        0  usart.o(i.USART1_IRQHandler)
    i.USART2_IRQHandler                      0x08000f1c   Section        0  usart2.o(i.USART2_IRQHandler)
    i.USART_Cmd                              0x08000f30   Section        0  stm32f4xx_usart.o(i.USART_Cmd)
    i.USART_GetITStatus                      0x08000f48   Section        0  stm32f4xx_usart.o(i.USART_GetITStatus)
    i.USART_ITConfig                         0x08000f9c   Section        0  stm32f4xx_usart.o(i.USART_ITConfig)
    i.USART_Init                             0x08000fe8   Section        0  stm32f4xx_usart.o(i.USART_Init)
    i.USART_ReceiveData                      0x080010bc   Section        0  stm32f4xx_usart.o(i.USART_ReceiveData)
    i.UsageFault_Handler                     0x080010c6   Section        0  stm32f4xx_it.o(i.UsageFault_Handler)
    i.__0printf$8                            0x080010cc   Section        0  printf8.o(i.__0printf$8)
    i.__scatterload_copy                     0x080010ec   Section       14  handlers.o(i.__scatterload_copy)
    i.__scatterload_null                     0x080010fa   Section        2  handlers.o(i.__scatterload_null)
    i.__scatterload_zeroinit                 0x080010fc   Section       14  handlers.o(i.__scatterload_zeroinit)
    i._printf_core                           0x0800110c   Section        0  printf8.o(i._printf_core)
    _printf_core                             0x0800110d   Thumb Code   996  printf8.o(i._printf_core)
    i._printf_post_padding                   0x0800151c   Section        0  printf8.o(i._printf_post_padding)
    _printf_post_padding                     0x0800151d   Thumb Code    36  printf8.o(i._printf_post_padding)
    i._printf_pre_padding                    0x08001540   Section        0  printf8.o(i._printf_pre_padding)
    _printf_pre_padding                      0x08001541   Thumb Code    46  printf8.o(i._printf_pre_padding)
    i.dcmi_dma_init                          0x08001570   Section        0  dcmi.o(i.dcmi_dma_init)
    i.dcmi_init                              0x08001608   Section        0  dcmi.o(i.dcmi_init)
    i.dcmi_start                             0x08001734   Section        0  dcmi.o(i.dcmi_start)
    i.delay_c                                0x0800174c   Section        0  sccb_1.o(i.delay_c)
    i.delay_init                             0x08001758   Section        0  delay.o(i.delay_init)
    i.delay_ms                               0x08001794   Section        0  delay.o(i.delay_ms)
    i.delay_us                               0x080017cc   Section        0  delay.o(i.delay_us)
    i.delay_xms                              0x08001818   Section        0  delay.o(i.delay_xms)
    i.fputc                                  0x08001864   Section        0  usart.o(i.fputc)
    i.main                                   0x08001880   Section        0  main.o(i.main)
    i.mt9v034_init                           0x080018b4   Section        0  seekfree_mt9v032.o(i.mt9v034_init)
    i.mt9v034_reg_init                       0x080018e0   Section        0  seekfree_mt9v032.o(i.mt9v034_reg_init)
    i.mt9v034_sendimg                        0x0800191c   Section        0  seekfree_mt9v032.o(i.mt9v034_sendimg)
    i.put_char                               0x08001954   Section        0  usart2.o(i.put_char)
    i.read_addr                              0x08001964   Section        0  usmart.o(i.read_addr)
    i.uart_init                              0x0800196c   Section        0  usart.o(i.uart_init)
    i.uart_putbuff                           0x08001a18   Section        0  usart2.o(i.uart_putbuff)
    i.usmart_cmd_rec                         0x08001a38   Section        0  usmart.o(i.usmart_cmd_rec)
    i.usmart_exe                             0x08001ae8   Section        0  usmart.o(i.usmart_exe)
    i.usmart_get_aparm                       0x08001dbc   Section        0  usmart_str.o(i.usmart_get_aparm)
    i.usmart_get_cmdname                     0x08001e84   Section        0  usmart_str.o(i.usmart_get_cmdname)
    i.usmart_get_fname                       0x08001ebc   Section        0  usmart_str.o(i.usmart_get_fname)
    i.usmart_get_fparam                      0x0800207c   Section        0  usmart_str.o(i.usmart_get_fparam)
    i.usmart_get_parmpos                     0x08002188   Section        0  usmart_str.o(i.usmart_get_parmpos)
    i.usmart_get_runtime                     0x080021a8   Section        0  usmart.o(i.usmart_get_runtime)
    i.usmart_init                            0x080021ec   Section        0  usmart.o(i.usmart_init)
    i.usmart_pow                             0x08002214   Section        0  usmart_str.o(i.usmart_pow)
    i.usmart_reset_runtime                   0x0800222c   Section        0  usmart.o(i.usmart_reset_runtime)
    i.usmart_scan                            0x0800225c   Section        0  usmart.o(i.usmart_scan)
    i.usmart_search_nextc                    0x08002318   Section        0  usmart_str.o(i.usmart_search_nextc)
    i.usmart_str2num                         0x0800232e   Section        0  usmart_str.o(i.usmart_str2num)
    i.usmart_strcmp                          0x080023f8   Section        0  usmart_str.o(i.usmart_strcmp)
    i.usmart_strcopy                         0x0800241a   Section        0  usmart_str.o(i.usmart_strcopy)
    i.usmart_strlen                          0x08002430   Section        0  usmart_str.o(i.usmart_strlen)
    i.usmart_sys_cmd_exe                     0x08002448   Section        0  usmart.o(i.usmart_sys_cmd_exe)
    i.write_addr                             0x08002b2c   Section        0  usmart.o(i.write_addr)
    .conststring                             0x08002b30   Section       40  usmart.o(.conststring)
    .conststring                             0x08002b58   Section      163  usmart_config.o(.conststring)
    .data                                    0x20000000   Section       48  seekfree_mt9v032.o(.data)
    .data                                    0x20000030   Section        1  dcmi.o(.data)
    .data                                    0x20000032   Section        4  delay.o(.data)
    fac_us                                   0x20000032   Data           1  delay.o(.data)
    fac_ms                                   0x20000034   Data           2  delay.o(.data)
    .data                                    0x20000038   Section        6  usart.o(.data)
    .data                                    0x2000003e   Section       16  stm32f4xx_rcc.o(.data)
    APBAHBPrescTable                         0x2000003e   Data          16  stm32f4xx_rcc.o(.data)
    .data                                    0x20000050   Section       28  usmart.o(.data)
    .data                                    0x2000006c   Section      292  usmart_config.o(.data)
    .bss                                     0x20000190   Section    40000  seekfree_mt9v032.o(.bss)
    .bss                                     0x20009dd0   Section       14  dcmi.o(.bss)
    .bss                                     0x20009dde   Section      200  usart.o(.bss)
    STACK                                    0x20009ea8   Section     1024  startup_stm32f40_41xxx.o(STACK)

    Global Symbols

    Symbol Name                              Value     Ov Type        Size  Object(Section)

    BuildAttributes$$THM_ISAv4$E$P$D$K$B$S$7EM$VFPi3$EXTD16$VFPS$VFMA$PE$A:L22UL41UL21$X:L11$S22US41US21$IEEE1$IW$USESV6$~STKCKD$USESV7$~SHL$OSPACE$ROPI$EBA8$MICROLIB$REQ8$PRES8$EABIv2 0x00000000   Number         0  anon$$obj.o ABSOLUTE
    __ARM_use_no_argv                        0x00000000   Number         0  main.o ABSOLUTE
    __use_no_errno                           0x00000000   Number         0  useno.o ABSOLUTE
    __use_no_exception_handling              0x00000000   Number         0  useno.o ABSOLUTE
    __use_no_fp                              0x00000000   Number         0  useno.o ABSOLUTE
    __use_no_heap                            0x00000000   Number         0  useno.o ABSOLUTE
    __use_no_heap_region                     0x00000000   Number         0  useno.o ABSOLUTE
    __use_no_semihosting                     0x00000000   Number         0  useno.o ABSOLUTE
    __use_no_semihosting_swi                 0x00000000   Number         0  useno.o ABSOLUTE
    __use_no_signal_handling                 0x00000000   Number         0  useno.o ABSOLUTE
    _printf_a                                0x00000000   Number         0  stubs.o ABSOLUTE
    _printf_c                                0x00000000   Number         0  stubs.o ABSOLUTE
    _printf_charcount                        0x00000000   Number         0  stubs.o ABSOLUTE
    _printf_d                                0x00000000   Number         0  stubs.o ABSOLUTE
    _printf_e                                0x00000000   Number         0  stubs.o ABSOLUTE
    _printf_f                                0x00000000   Number         0  stubs.o ABSOLUTE
    _printf_flags                            0x00000000   Number         0  stubs.o ABSOLUTE
    _printf_fp_dec                           0x00000000   Number         0  stubs.o ABSOLUTE
    _printf_fp_hex                           0x00000000   Number         0  stubs.o ABSOLUTE
    _printf_g                                0x00000000   Number         0  stubs.o ABSOLUTE
    _printf_i                                0x00000000   Number         0  stubs.o ABSOLUTE
    _printf_int_dec                          0x00000000   Number         0  stubs.o ABSOLUTE
    _printf_l                                0x00000000   Number         0  stubs.o ABSOLUTE
    _printf_lc                               0x00000000   Number         0  stubs.o ABSOLUTE
    _printf_ll                               0x00000000   Number         0  stubs.o ABSOLUTE
    _printf_lld                              0x00000000   Number         0  stubs.o ABSOLUTE
    _printf_lli                              0x00000000   Number         0  stubs.o ABSOLUTE
    _printf_llo                              0x00000000   Number         0  stubs.o ABSOLUTE
    _printf_llu                              0x00000000   Number         0  stubs.o ABSOLUTE
    _printf_llx                              0x00000000   Number         0  stubs.o ABSOLUTE
    _printf_longlong_dec                     0x00000000   Number         0  stubs.o ABSOLUTE
    _printf_longlong_hex                     0x00000000   Number         0  stubs.o ABSOLUTE
    _printf_longlong_oct                     0x00000000   Number         0  stubs.o ABSOLUTE
    _printf_ls                               0x00000000   Number         0  stubs.o ABSOLUTE
    _printf_mbtowc                           0x00000000   Number         0  stubs.o ABSOLUTE
    _printf_n                                0x00000000   Number         0  stubs.o ABSOLUTE
    _printf_o                                0x00000000   Number         0  stubs.o ABSOLUTE
    _printf_p                                0x00000000   Number         0  stubs.o ABSOLUTE
    _printf_percent                          0x00000000   Number         0  stubs.o ABSOLUTE
    _printf_pre_padding                      0x00000000   Number         0  stubs.o ABSOLUTE
    _printf_return_value                     0x00000000   Number         0  stubs.o ABSOLUTE
    _printf_s                                0x00000000   Number         0  stubs.o ABSOLUTE
    _printf_sizespec                         0x00000000   Number         0  stubs.o ABSOLUTE
    _printf_str                              0x00000000   Number         0  stubs.o ABSOLUTE
    _printf_truncate_signed                  0x00000000   Number         0  stubs.o ABSOLUTE
    _printf_truncate_unsigned                0x00000000   Number         0  stubs.o ABSOLUTE
    _printf_u                                0x00000000   Number         0  stubs.o ABSOLUTE
    _printf_wc                               0x00000000   Number         0  stubs.o ABSOLUTE
    _printf_wctomb                           0x00000000   Number         0  stubs.o ABSOLUTE
    _printf_widthprec                        0x00000000   Number         0  stubs.o ABSOLUTE
    _printf_x                                0x00000000   Number         0  stubs.o ABSOLUTE
    __cpp_initialize__aeabi_                  - Undefined Weak Reference
    __cxa_finalize                            - Undefined Weak Reference
    _clock_init                               - Undefined Weak Reference
    _microlib_exit                            - Undefined Weak Reference
    __Vectors_Size                           0x00000188   Number         0  startup_stm32f40_41xxx.o ABSOLUTE
    __Vectors                                0x08000000   Data           4  startup_stm32f40_41xxx.o(RESET)
    __Vectors_End                            0x08000188   Data           0  startup_stm32f40_41xxx.o(RESET)
    __main                                   0x08000189   Thumb Code     0  entry.o(.ARM.Collect$$$$00000000)
    _main_stk                                0x08000189   Thumb Code     0  entry2.o(.ARM.Collect$$$$00000001)
    _main_scatterload                        0x0800018d   Thumb Code     0  entry5.o(.ARM.Collect$$$$00000004)
    __main_after_scatterload                 0x08000191   Thumb Code     0  entry5.o(.ARM.Collect$$$$00000004)
    _main_clock                              0x08000191   Thumb Code     0  entry7b.o(.ARM.Collect$$$$00000008)
    _main_cpp_init                           0x08000191   Thumb Code     0  entry8b.o(.ARM.Collect$$$$0000000A)
    _main_init                               0x08000191   Thumb Code     0  entry9a.o(.ARM.Collect$$$$0000000B)
    __rt_final_cpp                           0x08000199   Thumb Code     0  entry10a.o(.ARM.Collect$$$$0000000D)
    __rt_final_exit                          0x08000199   Thumb Code     0  entry11a.o(.ARM.Collect$$$$0000000F)
    Reset_Handler                            0x0800019d   Thumb Code     8  startup_stm32f40_41xxx.o(.text)
    ADC_IRQHandler                           0x080001b7   Thumb Code     0  startup_stm32f40_41xxx.o(.text)
    CAN1_RX0_IRQHandler                      0x080001b7   Thumb Code     0  startup_stm32f40_41xxx.o(.text)
    CAN1_RX1_IRQHandler                      0x080001b7   Thumb Code     0  startup_stm32f40_41xxx.o(.text)
    CAN1_SCE_IRQHandler                      0x080001b7   Thumb Code     0  startup_stm32f40_41xxx.o(.text)
    CAN1_TX_IRQHandler                       0x080001b7   Thumb Code     0  startup_stm32f40_41xxx.o(.text)
    CAN2_RX0_IRQHandler                      0x080001b7   Thumb Code     0  startup_stm32f40_41xxx.o(.text)
    CAN2_RX1_IRQHandler                      0x080001b7   Thumb Code     0  startup_stm32f40_41xxx.o(.text)
    CAN2_SCE_IRQHandler                      0x080001b7   Thumb Code     0  startup_stm32f40_41xxx.o(.text)
    CAN2_TX_IRQHandler                       0x080001b7   Thumb Code     0  startup_stm32f40_41xxx.o(.text)
    CRYP_IRQHandler                          0x080001b7   Thumb Code     0  startup_stm32f40_41xxx.o(.text)
    DMA1_Stream0_IRQHandler                  0x080001b7   Thumb Code     0  startup_stm32f40_41xxx.o(.text)
    DMA1_Stream1_IRQHandler                  0x080001b7   Thumb Code     0  startup_stm32f40_41xxx.o(.text)
    DMA1_Stream2_IRQHandler                  0x080001b7   Thumb Code     0  startup_stm32f40_41xxx.o(.text)
    DMA1_Stream3_IRQHandler                  0x080001b7   Thumb Code     0  startup_stm32f40_41xxx.o(.text)
    DMA1_Stream4_IRQHandler                  0x080001b7   Thumb Code     0  startup_stm32f40_41xxx.o(.text)
    DMA1_Stream5_IRQHandler                  0x080001b7   Thumb Code     0  startup_stm32f40_41xxx.o(.text)
    DMA1_Stream6_IRQHandler                  0x080001b7   Thumb Code     0  startup_stm32f40_41xxx.o(.text)
    DMA1_Stream7_IRQHandler                  0x080001b7   Thumb Code     0  startup_stm32f40_41xxx.o(.text)
    DMA2_Stream0_IRQHandler                  0x080001b7   Thumb Code     0  startup_stm32f40_41xxx.o(.text)
    DMA2_Stream1_IRQHandler                  0x080001b7   Thumb Code     0  startup_stm32f40_41xxx.o(.text)
    DMA2_Stream2_IRQHandler                  0x080001b7   Thumb Code     0  startup_stm32f40_41xxx.o(.text)
    DMA2_Stream3_IRQHandler                  0x080001b7   Thumb Code     0  startup_stm32f40_41xxx.o(.text)
    DMA2_Stream4_IRQHandler                  0x080001b7   Thumb Code     0  startup_stm32f40_41xxx.o(.text)
    DMA2_Stream5_IRQHandler                  0x080001b7   Thumb Code     0  startup_stm32f40_41xxx.o(.text)
    DMA2_Stream6_IRQHandler                  0x080001b7   Thumb Code     0  startup_stm32f40_41xxx.o(.text)
    DMA2_Stream7_IRQHandler                  0x080001b7   Thumb Code     0  startup_stm32f40_41xxx.o(.text)
    ETH_IRQHandler                           0x080001b7   Thumb Code     0  startup_stm32f40_41xxx.o(.text)
    ETH_WKUP_IRQHandler                      0x080001b7   Thumb Code     0  startup_stm32f40_41xxx.o(.text)
    EXTI0_IRQHandler                         0x080001b7   Thumb Code     0  startup_stm32f40_41xxx.o(.text)
    EXTI15_10_IRQHandler                     0x080001b7   Thumb Code     0  startup_stm32f40_41xxx.o(.text)
    EXTI1_IRQHandler                         0x080001b7   Thumb Code     0  startup_stm32f40_41xxx.o(.text)
    EXTI2_IRQHandler                         0x080001b7   Thumb Code     0  startup_stm32f40_41xxx.o(.text)
    EXTI3_IRQHandler                         0x080001b7   Thumb Code     0  startup_stm32f40_41xxx.o(.text)
    EXTI4_IRQHandler                         0x080001b7   Thumb Code     0  startup_stm32f40_41xxx.o(.text)
    EXTI9_5_IRQHandler                       0x080001b7   Thumb Code     0  startup_stm32f40_41xxx.o(.text)
    FLASH_IRQHandler                         0x080001b7   Thumb Code     0  startup_stm32f40_41xxx.o(.text)
    FPU_IRQHandler                           0x080001b7   Thumb Code     0  startup_stm32f40_41xxx.o(.text)
    FSMC_IRQHandler                          0x080001b7   Thumb Code     0  startup_stm32f40_41xxx.o(.text)
    HASH_RNG_IRQHandler                      0x080001b7   Thumb Code     0  startup_stm32f40_41xxx.o(.text)
    I2C1_ER_IRQHandler                       0x080001b7   Thumb Code     0  startup_stm32f40_41xxx.o(.text)
    I2C1_EV_IRQHandler                       0x080001b7   Thumb Code     0  startup_stm32f40_41xxx.o(.text)
    I2C2_ER_IRQHandler                       0x080001b7   Thumb Code     0  startup_stm32f40_41xxx.o(.text)
    I2C2_EV_IRQHandler                       0x080001b7   Thumb Code     0  startup_stm32f40_41xxx.o(.text)
    I2C3_ER_IRQHandler                       0x080001b7   Thumb Code     0  startup_stm32f40_41xxx.o(.text)
    I2C3_EV_IRQHandler                       0x080001b7   Thumb Code     0  startup_stm32f40_41xxx.o(.text)
    OTG_FS_IRQHandler                        0x080001b7   Thumb Code     0  startup_stm32f40_41xxx.o(.text)
    OTG_FS_WKUP_IRQHandler                   0x080001b7   Thumb Code     0  startup_stm32f40_41xxx.o(.text)
    OTG_HS_EP1_IN_IRQHandler                 0x080001b7   Thumb Code     0  startup_stm32f40_41xxx.o(.text)
    OTG_HS_EP1_OUT_IRQHandler                0x080001b7   Thumb Code     0  startup_stm32f40_41xxx.o(.text)
    OTG_HS_IRQHandler                        0x080001b7   Thumb Code     0  startup_stm32f40_41xxx.o(.text)
    OTG_HS_WKUP_IRQHandler                   0x080001b7   Thumb Code     0  startup_stm32f40_41xxx.o(.text)
    PVD_IRQHandler                           0x080001b7   Thumb Code     0  startup_stm32f40_41xxx.o(.text)
    RCC_IRQHandler                           0x080001b7   Thumb Code     0  startup_stm32f40_41xxx.o(.text)
    RTC_Alarm_IRQHandler                     0x080001b7   Thumb Code     0  startup_stm32f40_41xxx.o(.text)
    RTC_WKUP_IRQHandler                      0x080001b7   Thumb Code     0  startup_stm32f40_41xxx.o(.text)
    SDIO_IRQHandler                          0x080001b7   Thumb Code     0  startup_stm32f40_41xxx.o(.text)
    SPI1_IRQHandler                          0x080001b7   Thumb Code     0  startup_stm32f40_41xxx.o(.text)
    SPI2_IRQHandler                          0x080001b7   Thumb Code     0  startup_stm32f40_41xxx.o(.text)
    SPI3_IRQHandler                          0x080001b7   Thumb Code     0  startup_stm32f40_41xxx.o(.text)
    TAMP_STAMP_IRQHandler                    0x080001b7   Thumb Code     0  startup_stm32f40_41xxx.o(.text)
    TIM1_BRK_TIM9_IRQHandler                 0x080001b7   Thumb Code     0  startup_stm32f40_41xxx.o(.text)
    TIM1_CC_IRQHandler                       0x080001b7   Thumb Code     0  startup_stm32f40_41xxx.o(.text)
    TIM1_TRG_COM_TIM11_IRQHandler            0x080001b7   Thumb Code     0  startup_stm32f40_41xxx.o(.text)
    TIM1_UP_TIM10_IRQHandler                 0x080001b7   Thumb Code     0  startup_stm32f40_41xxx.o(.text)
    TIM2_IRQHandler                          0x080001b7   Thumb Code     0  startup_stm32f40_41xxx.o(.text)
    TIM5_IRQHandler                          0x080001b7   Thumb Code     0  startup_stm32f40_41xxx.o(.text)
    TIM6_DAC_IRQHandler                      0x080001b7   Thumb Code     0  startup_stm32f40_41xxx.o(.text)
    TIM7_IRQHandler                          0x080001b7   Thumb Code     0  startup_stm32f40_41xxx.o(.text)
    TIM8_BRK_TIM12_IRQHandler                0x080001b7   Thumb Code     0  startup_stm32f40_41xxx.o(.text)
    TIM8_CC_IRQHandler                       0x080001b7   Thumb Code     0  startup_stm32f40_41xxx.o(.text)
    TIM8_TRG_COM_TIM14_IRQHandler            0x080001b7   Thumb Code     0  startup_stm32f40_41xxx.o(.text)
    TIM8_UP_TIM13_IRQHandler                 0x080001b7   Thumb Code     0  startup_stm32f40_41xxx.o(.text)
    UART4_IRQHandler                         0x080001b7   Thumb Code     0  startup_stm32f40_41xxx.o(.text)
    UART5_IRQHandler                         0x080001b7   Thumb Code     0  startup_stm32f40_41xxx.o(.text)
    USART3_IRQHandler                        0x080001b7   Thumb Code     0  startup_stm32f40_41xxx.o(.text)
    USART6_IRQHandler                        0x080001b7   Thumb Code     0  startup_stm32f40_41xxx.o(.text)
    WWDG_IRQHandler                          0x080001b7   Thumb Code     0  startup_stm32f40_41xxx.o(.text)
    __aeabi_uldivmod                         0x080001c1   Thumb Code    98  uldiv.o(.text)
    __aeabi_llsr                             0x08000223   Thumb Code    32  llushr.o(.text)
    _ll_ushift_r                             0x08000223   Thumb Code     0  llushr.o(.text)
    __scatterload                            0x08000245   Thumb Code    28  init.o(.text)
    __scatterload_rt2                        0x08000245   Thumb Code     0  init.o(.text)
    __aeabi_llsl                             0x08000269   Thumb Code    30  llshl.o(.text)
    _ll_shift_l                              0x08000269   Thumb Code     0  llshl.o(.text)
    __decompress                             0x08000287   Thumb Code     0  __dczerorl2.o(.text)
    __decompress1                            0x08000287   Thumb Code    86  __dczerorl2.o(.text)
    BusFault_Handler                         0x080002dd   Thumb Code     4  stm32f4xx_it.o(i.BusFault_Handler)
    DCMI_CaptureCmd                          0x080002e1   Thumb Code    30  stm32f4xx_dcmi.o(i.DCMI_CaptureCmd)
    DCMI_ClearITPendingBit                   0x08000305   Thumb Code     6  stm32f4xx_dcmi.o(i.DCMI_ClearITPendingBit)
    DCMI_Cmd                                 0x08000311   Thumb Code    30  stm32f4xx_dcmi.o(i.DCMI_Cmd)
    DCMI_DeInit                              0x08000335   Thumb Code    24  stm32f4xx_dcmi.o(i.DCMI_DeInit)
    DCMI_GetITStatus                         0x08000351   Thumb Code    24  stm32f4xx_dcmi.o(i.DCMI_GetITStatus)
    DCMI_IRQHandler                          0x0800036d   Thumb Code    30  dcmi.o(i.DCMI_IRQHandler)
    DCMI_ITConfig                            0x08000391   Thumb Code    30  stm32f4xx_dcmi.o(i.DCMI_ITConfig)
    DCMI_Init                                0x080003b5   Thumb Code    60  stm32f4xx_dcmi.o(i.DCMI_Init)
    DMA_Cmd                                  0x080003f5   Thumb Code    22  stm32f4xx_dma.o(i.DMA_Cmd)
    DMA_DeInit                               0x0800040d   Thumb Code   324  stm32f4xx_dma.o(i.DMA_DeInit)
    DMA_DoubleBufferModeCmd                  0x08000565   Thumb Code    22  stm32f4xx_dma.o(i.DMA_DoubleBufferModeCmd)
    DMA_DoubleBufferModeConfig               0x0800057b   Thumb Code    24  stm32f4xx_dma.o(i.DMA_DoubleBufferModeConfig)
    DMA_GetCmdStatus                         0x08000593   Thumb Code    20  stm32f4xx_dma.o(i.DMA_GetCmdStatus)
    DMA_Init                                 0x080005a9   Thumb Code    82  stm32f4xx_dma.o(i.DMA_Init)
    DebugMon_Handler                         0x08000601   Thumb Code     2  stm32f4xx_it.o(i.DebugMon_Handler)
    GPIO_Init                                0x08000603   Thumb Code   144  stm32f4xx_gpio.o(i.GPIO_Init)
    GPIO_PinAFConfig                         0x08000693   Thumb Code    70  stm32f4xx_gpio.o(i.GPIO_PinAFConfig)
    GPIO_SetBits                             0x080006d9   Thumb Code     4  stm32f4xx_gpio.o(i.GPIO_SetBits)
    HardFault_Handler                        0x080006dd   Thumb Code     4  stm32f4xx_it.o(i.HardFault_Handler)
    MemManage_Handler                        0x080006e1   Thumb Code     4  stm32f4xx_it.o(i.MemManage_Handler)
    NMI_Handler                              0x080006e5   Thumb Code     2  stm32f4xx_it.o(i.NMI_Handler)
    NVIC_Init                                0x080006e9   Thumb Code   106  misc.o(i.NVIC_Init)
    NVIC_PriorityGroupConfig                 0x08000761   Thumb Code    10  misc.o(i.NVIC_PriorityGroupConfig)
    PendSV_Handler                           0x08000775   Thumb Code     2  stm32f4xx_it.o(i.PendSV_Handler)
    RCC_AHB1PeriphClockCmd                   0x08000779   Thumb Code    26  stm32f4xx_rcc.o(i.RCC_AHB1PeriphClockCmd)
    RCC_AHB2PeriphClockCmd                   0x08000799   Thumb Code    26  stm32f4xx_rcc.o(i.RCC_AHB2PeriphClockCmd)
    RCC_APB1PeriphClockCmd                   0x080007b9   Thumb Code    26  stm32f4xx_rcc.o(i.RCC_APB1PeriphClockCmd)
    RCC_APB2PeriphClockCmd                   0x080007d9   Thumb Code    26  stm32f4xx_rcc.o(i.RCC_APB2PeriphClockCmd)
    RCC_GetClocksFreq                        0x080007f9   Thumb Code   214  stm32f4xx_rcc.o(i.RCC_GetClocksFreq)
    SCCB_Init                                0x080008e1   Thumb Code    86  sccb_1.o(i.SCCB_Init)
    SCCB_No_Ack                              0x0800093d   Thumb Code    48  sccb_1.o(i.SCCB_No_Ack)
    SCCB_RD_Byte                             0x08000975   Thumb Code    96  sccb_1.o(i.SCCB_RD_Byte)
    SCCB_RD_Reg                              0x080009e1   Thumb Code    78  sccb_1.o(i.SCCB_RD_Reg)
    SCCB_Start                               0x08000a31   Thumb Code    38  sccb_1.o(i.SCCB_Start)
    SCCB_Stop                                0x08000a61   Thumb Code    36  sccb_1.o(i.SCCB_Stop)
    SCCB_WR_Byte                             0x08000a8d   Thumb Code   146  sccb_1.o(i.SCCB_WR_Byte)
    SCCB_WR_Reg                              0x08000b2d   Thumb Code    62  sccb_1.o(i.SCCB_WR_Reg)
    SVC_Handler                              0x08000b6b   Thumb Code     2  stm32f4xx_it.o(i.SVC_Handler)
    SysTick_CLKSourceConfig                  0x08000c59   Thumb Code    40  misc.o(i.SysTick_CLKSourceConfig)
    SysTick_Handler                          0x08000c81   Thumb Code     2  stm32f4xx_it.o(i.SysTick_Handler)
    SystemInit                               0x08000c85   Thumb Code    88  system_stm32f4xx.o(i.SystemInit)
    TIM3_IRQHandler                          0x08000ced   Thumb Code    20  timer.o(i.TIM3_IRQHandler)
    TIM4_IRQHandler                          0x08000d05   Thumb Code    46  usmart.o(i.TIM4_IRQHandler)
    TIM_ClearFlag                            0x08000d3d   Thumb Code     6  stm32f4xx_tim.o(i.TIM_ClearFlag)
    TIM_ClearITPendingBit                    0x08000d43   Thumb Code     6  stm32f4xx_tim.o(i.TIM_ClearITPendingBit)
    TIM_Cmd                                  0x08000d49   Thumb Code    24  stm32f4xx_tim.o(i.TIM_Cmd)
    TIM_GetCounter                           0x08000d61   Thumb Code     6  stm32f4xx_tim.o(i.TIM_GetCounter)
    TIM_GetFlagStatus                        0x08000d67   Thumb Code    18  stm32f4xx_tim.o(i.TIM_GetFlagStatus)
    TIM_GetITStatus                          0x08000d79   Thumb Code    34  stm32f4xx_tim.o(i.TIM_GetITStatus)
    TIM_ITConfig                             0x08000d9b   Thumb Code    18  stm32f4xx_tim.o(i.TIM_ITConfig)
    TIM_SetAutoreload                        0x08000dad   Thumb Code     4  stm32f4xx_tim.o(i.TIM_SetAutoreload)
    TIM_SetCounter                           0x08000db1   Thumb Code     4  stm32f4xx_tim.o(i.TIM_SetCounter)
    TIM_TimeBaseInit                         0x08000db5   Thumb Code   104  stm32f4xx_tim.o(i.TIM_TimeBaseInit)
    Timer4_Init                              0x08000e39   Thumb Code    86  usmart.o(i.Timer4_Init)
    USART1_IRQHandler                        0x08000e95   Thumb Code   122  usart.o(i.USART1_IRQHandler)
    USART2_IRQHandler                        0x08000f1d   Thumb Code    14  usart2.o(i.USART2_IRQHandler)
    USART_Cmd                                0x08000f31   Thumb Code    24  stm32f4xx_usart.o(i.USART_Cmd)
    USART_GetITStatus                        0x08000f49   Thumb Code    84  stm32f4xx_usart.o(i.USART_GetITStatus)
    USART_ITConfig                           0x08000f9d   Thumb Code    74  stm32f4xx_usart.o(i.USART_ITConfig)
    USART_Init                               0x08000fe9   Thumb Code   204  stm32f4xx_usart.o(i.USART_Init)
    USART_ReceiveData                        0x080010bd   Thumb Code    10  stm32f4xx_usart.o(i.USART_ReceiveData)
    UsageFault_Handler                       0x080010c7   Thumb Code     4  stm32f4xx_it.o(i.UsageFault_Handler)
    __0printf$8                              0x080010cd   Thumb Code    22  printf8.o(i.__0printf$8)
    __1printf$8                              0x080010cd   Thumb Code     0  printf8.o(i.__0printf$8)
    __2printf                                0x080010cd   Thumb Code     0  printf8.o(i.__0printf$8)
    __scatterload_copy                       0x080010ed   Thumb Code    14  handlers.o(i.__scatterload_copy)
    __scatterload_null                       0x080010fb   Thumb Code     2  handlers.o(i.__scatterload_null)
    __scatterload_zeroinit                   0x080010fd   Thumb Code    14  handlers.o(i.__scatterload_zeroinit)
    dcmi_dma_init                            0x08001571   Thumb Code   134  dcmi.o(i.dcmi_dma_init)
    dcmi_init                                0x08001609   Thumb Code   280  dcmi.o(i.dcmi_init)
    dcmi_start                               0x08001735   Thumb Code    18  dcmi.o(i.dcmi_start)
    delay_c                                  0x0800174d   Thumb Code    12  sccb_1.o(i.delay_c)
    delay_init                               0x08001759   Thumb Code    52  delay.o(i.delay_init)
    delay_ms                                 0x08001795   Thumb Code    56  delay.o(i.delay_ms)
    delay_us                                 0x080017cd   Thumb Code    72  delay.o(i.delay_us)
    delay_xms                                0x08001819   Thumb Code    72  delay.o(i.delay_xms)
    fputc                                    0x08001865   Thumb Code    22  usart.o(i.fputc)
    main                                     0x08001881   Thumb Code    46  main.o(i.main)
    mt9v034_init                             0x080018b5   Thumb Code    38  seekfree_mt9v032.o(i.mt9v034_init)
    mt9v034_reg_init                         0x080018e1   Thumb Code    54  seekfree_mt9v032.o(i.mt9v034_reg_init)
    mt9v034_sendimg                          0x0800191d   Thumb Code    48  seekfree_mt9v032.o(i.mt9v034_sendimg)
    put_char                                 0x08001955   Thumb Code    16  usart2.o(i.put_char)
    read_addr                                0x08001965   Thumb Code     6  usmart.o(i.read_addr)
    uart_init                                0x0800196d   Thumb Code   164  usart.o(i.uart_init)
    uart_putbuff                             0x08001a19   Thumb Code    32  usart2.o(i.uart_putbuff)
    usmart_cmd_rec                           0x08001a39   Thumb Code   170  usmart.o(i.usmart_cmd_rec)
    usmart_exe                               0x08001ae9   Thumb Code   632  usmart.o(i.usmart_exe)
    usmart_get_aparm                         0x08001dbd   Thumb Code   200  usmart_str.o(i.usmart_get_aparm)
    usmart_get_cmdname                       0x08001e85   Thumb Code    54  usmart_str.o(i.usmart_get_cmdname)
    usmart_get_fname                         0x08001ebd   Thumb Code   440  usmart_str.o(i.usmart_get_fname)
    usmart_get_fparam                        0x0800207d   Thumb Code   262  usmart_str.o(i.usmart_get_fparam)
    usmart_get_parmpos                       0x08002189   Thumb Code    26  usmart_str.o(i.usmart_get_parmpos)
    usmart_get_runtime                       0x080021a9   Thumb Code    60  usmart.o(i.usmart_get_runtime)
    usmart_init                              0x080021ed   Thumb Code    36  usmart.o(i.usmart_init)
    usmart_pow                               0x08002215   Thumb Code    22  usmart_str.o(i.usmart_pow)
    usmart_reset_runtime                     0x0800222d   Thumb Code    38  usmart.o(i.usmart_reset_runtime)
    usmart_scan                              0x0800225d   Thumb Code   120  usmart.o(i.usmart_scan)
    usmart_search_nextc                      0x08002319   Thumb Code    22  usmart_str.o(i.usmart_search_nextc)
    usmart_str2num                           0x0800232f   Thumb Code   202  usmart_str.o(i.usmart_str2num)
    usmart_strcmp                            0x080023f9   Thumb Code    34  usmart_str.o(i.usmart_strcmp)
    usmart_strcopy                           0x0800241b   Thumb Code    22  usmart_str.o(i.usmart_strcopy)
    usmart_strlen                            0x08002431   Thumb Code    24  usmart_str.o(i.usmart_strlen)
    usmart_sys_cmd_exe                       0x08002449   Thumb Code  1554  usmart.o(i.usmart_sys_cmd_exe)
    write_addr                               0x08002b2d   Thumb Code     4  usmart.o(i.write_addr)
    Region$$Table$$Base                      0x08002bfc   Number         0  anon$$obj.o(Region$$Table)
    Region$$Table$$Limit                     0x08002c1c   Number         0  anon$$obj.o(Region$$Table)
    MT9V034_CFG                              0x20000000   Data          48  seekfree_mt9v032.o(.data)
    finish_flag_034                          0x20000030   Data           1  dcmi.o(.data)
    __stdout                                 0x20000038   Data           4  usart.o(.data)
    USART_RX_STA                             0x2000003c   Data           2  usart.o(.data)
    sys_cmd_tab                              0x20000050   Data          28  usmart.o(.data)
    usmart_nametab                           0x2000006c   Data          48  usmart_config.o(.data)
    usmart_dev                               0x2000009c   Data         244  usmart_config.o(.data)
    image                                    0x20000190   Data       40000  seekfree_mt9v032.o(.bss)
    DCMI_InitStructure                       0x20009dd0   Data          14  dcmi.o(.bss)
    USART_RX_BUF                             0x20009dde   Data         200  usart.o(.bss)
    __initial_sp                             0x2000a2a8   Data           0  startup_stm32f40_41xxx.o(STACK)



==============================================================================

Memory Map of the image

  Image Entry point : 0x08000189

  Load Region LR_IROM1 (Base: 0x08000000, Size: 0x00002dac, Max: 0x00100000, ABSOLUTE, COMPRESSED[0x00002cac])

    Execution Region ER_IROM1 (Exec base: 0x08000000, Load base: 0x08000000, Size: 0x00002c1c, Max: 0x00100000, ABSOLUTE)

    Exec Addr    Load Addr    Size         Type   Attr      Idx    E Section Name        Object

    0x08000000   0x08000000   0x00000188   Data   RO          951    RESET               startup_stm32f40_41xxx.o
    0x08000188   0x08000188   0x00000000   Code   RO         2855  * .ARM.Collect$$$$00000000  mc_w.l(entry.o)
    0x08000188   0x08000188   0x00000004   Code   RO         3125    .ARM.Collect$$$$00000001  mc_w.l(entry2.o)
    0x0800018c   0x0800018c   0x00000004   Code   RO         3128    .ARM.Collect$$$$00000004  mc_w.l(entry5.o)
    0x08000190   0x08000190   0x00000000   Code   RO         3130    .ARM.Collect$$$$00000008  mc_w.l(entry7b.o)
    0x08000190   0x08000190   0x00000000   Code   RO         3132    .ARM.Collect$$$$0000000A  mc_w.l(entry8b.o)
    0x08000190   0x08000190   0x00000008   Code   RO         3133    .ARM.Collect$$$$0000000B  mc_w.l(entry9a.o)
    0x08000198   0x08000198   0x00000000   Code   RO         3135    .ARM.Collect$$$$0000000D  mc_w.l(entry10a.o)
    0x08000198   0x08000198   0x00000000   Code   RO         3137    .ARM.Collect$$$$0000000F  mc_w.l(entry11a.o)
    0x08000198   0x08000198   0x00000004   Code   RO         3126    .ARM.Collect$$$$00002712  mc_w.l(entry2.o)
    0x0800019c   0x0800019c   0x00000024   Code   RO          952    .text               startup_stm32f40_41xxx.o
    0x080001c0   0x080001c0   0x00000062   Code   RO         3141    .text               mc_w.l(uldiv.o)
    0x08000222   0x08000222   0x00000020   Code   RO         3143    .text               mc_w.l(llushr.o)
    0x08000242   0x08000242   0x00000002   PAD
    0x08000244   0x08000244   0x00000024   Code   RO         3156    .text               mc_w.l(init.o)
    0x08000268   0x08000268   0x0000001e   Code   RO         3158    .text               mc_w.l(llshl.o)
    0x08000286   0x08000286   0x00000056   Code   RO         3170    .text               mc_w.l(__dczerorl2.o)
    0x080002dc   0x080002dc   0x00000004   Code   RO          165    i.BusFault_Handler  stm32f4xx_it.o
    0x080002e0   0x080002e0   0x00000024   Code   RO         1004    i.DCMI_CaptureCmd   stm32f4xx_dcmi.o
    0x08000304   0x08000304   0x0000000c   Code   RO         1006    i.DCMI_ClearITPendingBit  stm32f4xx_dcmi.o
    0x08000310   0x08000310   0x00000024   Code   RO         1007    i.DCMI_Cmd          stm32f4xx_dcmi.o
    0x08000334   0x08000334   0x0000001c   Code   RO         1008    i.DCMI_DeInit       stm32f4xx_dcmi.o
    0x08000350   0x08000350   0x0000001c   Code   RO         1010    i.DCMI_GetITStatus  stm32f4xx_dcmi.o
    0x0800036c   0x0800036c   0x00000024   Code   RO          793    i.DCMI_IRQHandler   dcmi.o
    0x08000390   0x08000390   0x00000024   Code   RO         1011    i.DCMI_ITConfig     stm32f4xx_dcmi.o
    0x080003b4   0x080003b4   0x00000040   Code   RO         1012    i.DCMI_Init         stm32f4xx_dcmi.o
    0x080003f4   0x080003f4   0x00000016   Code   RO         1337    i.DMA_Cmd           stm32f4xx_dma.o
    0x0800040a   0x0800040a   0x00000002   PAD
    0x0800040c   0x0800040c   0x00000158   Code   RO         1338    i.DMA_DeInit        stm32f4xx_dma.o
    0x08000564   0x08000564   0x00000016   Code   RO         1339    i.DMA_DoubleBufferModeCmd  stm32f4xx_dma.o
    0x0800057a   0x0800057a   0x00000018   Code   RO         1340    i.DMA_DoubleBufferModeConfig  stm32f4xx_dma.o
    0x08000592   0x08000592   0x00000014   Code   RO         1342    i.DMA_GetCmdStatus  stm32f4xx_dma.o
    0x080005a6   0x080005a6   0x00000002   PAD
    0x080005a8   0x080005a8   0x00000058   Code   RO         1349    i.DMA_Init          stm32f4xx_dma.o
    0x08000600   0x08000600   0x00000002   Code   RO          166    i.DebugMon_Handler  stm32f4xx_it.o
    0x08000602   0x08000602   0x00000090   Code   RO         1107    i.GPIO_Init         stm32f4xx_gpio.o
    0x08000692   0x08000692   0x00000046   Code   RO         1108    i.GPIO_PinAFConfig  stm32f4xx_gpio.o
    0x080006d8   0x080006d8   0x00000004   Code   RO         1115    i.GPIO_SetBits      stm32f4xx_gpio.o
    0x080006dc   0x080006dc   0x00000004   Code   RO          167    i.HardFault_Handler  stm32f4xx_it.o
    0x080006e0   0x080006e0   0x00000004   Code   RO          168    i.MemManage_Handler  stm32f4xx_it.o
    0x080006e4   0x080006e4   0x00000002   Code   RO          169    i.NMI_Handler       stm32f4xx_it.o
    0x080006e6   0x080006e6   0x00000002   PAD
    0x080006e8   0x080006e8   0x00000078   Code   RO          958    i.NVIC_Init         misc.o
    0x08000760   0x08000760   0x00000014   Code   RO          959    i.NVIC_PriorityGroupConfig  misc.o
    0x08000774   0x08000774   0x00000002   Code   RO          170    i.PendSV_Handler    stm32f4xx_it.o
    0x08000776   0x08000776   0x00000002   PAD
    0x08000778   0x08000778   0x00000020   Code   RO         1463    i.RCC_AHB1PeriphClockCmd  stm32f4xx_rcc.o
    0x08000798   0x08000798   0x00000020   Code   RO         1466    i.RCC_AHB2PeriphClockCmd  stm32f4xx_rcc.o
    0x080007b8   0x080007b8   0x00000020   Code   RO         1472    i.RCC_APB1PeriphClockCmd  stm32f4xx_rcc.o
    0x080007d8   0x080007d8   0x00000020   Code   RO         1475    i.RCC_APB2PeriphClockCmd  stm32f4xx_rcc.o
    0x080007f8   0x080007f8   0x000000e8   Code   RO         1484    i.RCC_GetClocksFreq  stm32f4xx_rcc.o
    0x080008e0   0x080008e0   0x0000005c   Code   RO          622    i.SCCB_Init         sccb_1.o
    0x0800093c   0x0800093c   0x00000038   Code   RO          623    i.SCCB_No_Ack       sccb_1.o
    0x08000974   0x08000974   0x0000006c   Code   RO          624    i.SCCB_RD_Byte      sccb_1.o
    0x080009e0   0x080009e0   0x0000004e   Code   RO          625    i.SCCB_RD_Reg       sccb_1.o
    0x08000a2e   0x08000a2e   0x00000002   PAD
    0x08000a30   0x08000a30   0x00000030   Code   RO          626    i.SCCB_Start        sccb_1.o
    0x08000a60   0x08000a60   0x0000002c   Code   RO          627    i.SCCB_Stop         sccb_1.o
    0x08000a8c   0x08000a8c   0x000000a0   Code   RO          628    i.SCCB_WR_Byte      sccb_1.o
    0x08000b2c   0x08000b2c   0x0000003e   Code   RO          629    i.SCCB_WR_Reg       sccb_1.o
    0x08000b6a   0x08000b6a   0x00000002   Code   RO          171    i.SVC_Handler       stm32f4xx_it.o
    0x08000b6c   0x08000b6c   0x000000ec   Code   RO          262    i.SetSysClock       system_stm32f4xx.o
    0x08000c58   0x08000c58   0x00000028   Code   RO          962    i.SysTick_CLKSourceConfig  misc.o
    0x08000c80   0x08000c80   0x00000002   Code   RO          172    i.SysTick_Handler   stm32f4xx_it.o
    0x08000c82   0x08000c82   0x00000002   PAD
    0x08000c84   0x08000c84   0x00000068   Code   RO          264    i.SystemInit        system_stm32f4xx.o
    0x08000cec   0x08000cec   0x00000018   Code   RO          728    i.TIM3_IRQHandler   timer.o
    0x08000d04   0x08000d04   0x00000038   Code   RO         2665    i.TIM4_IRQHandler   usmart.o
    0x08000d3c   0x08000d3c   0x00000006   Code   RO         2051    i.TIM_ClearFlag     stm32f4xx_tim.o
    0x08000d42   0x08000d42   0x00000006   Code   RO         2052    i.TIM_ClearITPendingBit  stm32f4xx_tim.o
    0x08000d48   0x08000d48   0x00000018   Code   RO         2057    i.TIM_Cmd           stm32f4xx_tim.o
    0x08000d60   0x08000d60   0x00000006   Code   RO         2076    i.TIM_GetCounter    stm32f4xx_tim.o
    0x08000d66   0x08000d66   0x00000012   Code   RO         2077    i.TIM_GetFlagStatus  stm32f4xx_tim.o
    0x08000d78   0x08000d78   0x00000022   Code   RO         2078    i.TIM_GetITStatus   stm32f4xx_tim.o
    0x08000d9a   0x08000d9a   0x00000012   Code   RO         2082    i.TIM_ITConfig      stm32f4xx_tim.o
    0x08000dac   0x08000dac   0x00000004   Code   RO         2117    i.TIM_SetAutoreload  stm32f4xx_tim.o
    0x08000db0   0x08000db0   0x00000004   Code   RO         2123    i.TIM_SetCounter    stm32f4xx_tim.o
    0x08000db4   0x08000db4   0x00000084   Code   RO         2129    i.TIM_TimeBaseInit  stm32f4xx_tim.o
    0x08000e38   0x08000e38   0x0000005c   Code   RO         2666    i.Timer4_Init       usmart.o
    0x08000e94   0x08000e94   0x00000088   Code   RO          902    i.USART1_IRQHandler  usart.o
    0x08000f1c   0x08000f1c   0x00000014   Code   RO          690    i.USART2_IRQHandler  usart2.o
    0x08000f30   0x08000f30   0x00000018   Code   RO         1857    i.USART_Cmd         stm32f4xx_usart.o
    0x08000f48   0x08000f48   0x00000054   Code   RO         1861    i.USART_GetITStatus  stm32f4xx_usart.o
    0x08000f9c   0x08000f9c   0x0000004a   Code   RO         1863    i.USART_ITConfig    stm32f4xx_usart.o
    0x08000fe6   0x08000fe6   0x00000002   PAD
    0x08000fe8   0x08000fe8   0x000000d4   Code   RO         1864    i.USART_Init        stm32f4xx_usart.o
    0x080010bc   0x080010bc   0x0000000a   Code   RO         1871    i.USART_ReceiveData  stm32f4xx_usart.o
    0x080010c6   0x080010c6   0x00000004   Code   RO          173    i.UsageFault_Handler  stm32f4xx_it.o
    0x080010ca   0x080010ca   0x00000002   PAD
    0x080010cc   0x080010cc   0x00000020   Code   RO         3065    i.__0printf$8       mc_w.l(printf8.o)
    0x080010ec   0x080010ec   0x0000000e   Code   RO         3164    i.__scatterload_copy  mc_w.l(handlers.o)
    0x080010fa   0x080010fa   0x00000002   Code   RO         3165    i.__scatterload_null  mc_w.l(handlers.o)
    0x080010fc   0x080010fc   0x0000000e   Code   RO         3166    i.__scatterload_zeroinit  mc_w.l(handlers.o)
    0x0800110a   0x0800110a   0x00000002   PAD
    0x0800110c   0x0800110c   0x00000410   Code   RO         3072    i._printf_core      mc_w.l(printf8.o)
    0x0800151c   0x0800151c   0x00000024   Code   RO         3073    i._printf_post_padding  mc_w.l(printf8.o)
    0x08001540   0x08001540   0x0000002e   Code   RO         3074    i._printf_pre_padding  mc_w.l(printf8.o)
    0x0800156e   0x0800156e   0x00000002   PAD
    0x08001570   0x08001570   0x00000098   Code   RO          794    i.dcmi_dma_init     dcmi.o
    0x08001608   0x08001608   0x0000012c   Code   RO          795    i.dcmi_init         dcmi.o
    0x08001734   0x08001734   0x00000018   Code   RO          796    i.dcmi_start        dcmi.o
    0x0800174c   0x0800174c   0x0000000c   Code   RO          630    i.delay_c           sccb_1.o
    0x08001758   0x08001758   0x0000003c   Code   RO          844    i.delay_init        delay.o
    0x08001794   0x08001794   0x00000038   Code   RO          845    i.delay_ms          delay.o
    0x080017cc   0x080017cc   0x0000004c   Code   RO          846    i.delay_us          delay.o
    0x08001818   0x08001818   0x0000004c   Code   RO          847    i.delay_xms         delay.o
    0x08001864   0x08001864   0x0000001c   Code   RO          904    i.fputc             usart.o
    0x08001880   0x08001880   0x00000034   Code   RO            3    i.main              main.o
    0x080018b4   0x080018b4   0x0000002c   Code   RO          300    i.mt9v034_init      seekfree_mt9v032.o
    0x080018e0   0x080018e0   0x0000003c   Code   RO          301    i.mt9v034_reg_init  seekfree_mt9v032.o
    0x0800191c   0x0800191c   0x00000038   Code   RO          302    i.mt9v034_sendimg   seekfree_mt9v032.o
    0x08001954   0x08001954   0x00000010   Code   RO          691    i.put_char          usart2.o
    0x08001964   0x08001964   0x00000006   Code   RO         2667    i.read_addr         usmart.o
    0x0800196a   0x0800196a   0x00000002   PAD
    0x0800196c   0x0800196c   0x000000ac   Code   RO          905    i.uart_init         usart.o
    0x08001a18   0x08001a18   0x00000020   Code   RO          692    i.uart_putbuff      usart2.o
    0x08001a38   0x08001a38   0x000000b0   Code   RO         2668    i.usmart_cmd_rec    usmart.o
    0x08001ae8   0x08001ae8   0x000002d4   Code   RO         2669    i.usmart_exe        usmart.o
    0x08001dbc   0x08001dbc   0x000000c8   Code   RO         2777    i.usmart_get_aparm  usmart_str.o
    0x08001e84   0x08001e84   0x00000036   Code   RO         2778    i.usmart_get_cmdname  usmart_str.o
    0x08001eba   0x08001eba   0x00000002   PAD
    0x08001ebc   0x08001ebc   0x000001c0   Code   RO         2779    i.usmart_get_fname  usmart_str.o
    0x0800207c   0x0800207c   0x0000010c   Code   RO         2780    i.usmart_get_fparam  usmart_str.o
    0x08002188   0x08002188   0x00000020   Code   RO         2781    i.usmart_get_parmpos  usmart_str.o
    0x080021a8   0x080021a8   0x00000044   Code   RO         2670    i.usmart_get_runtime  usmart.o
    0x080021ec   0x080021ec   0x00000028   Code   RO         2671    i.usmart_init       usmart.o
    0x08002214   0x08002214   0x00000016   Code   RO         2782    i.usmart_pow        usmart_str.o
    0x0800222a   0x0800222a   0x00000002   PAD
    0x0800222c   0x0800222c   0x00000030   Code   RO         2672    i.usmart_reset_runtime  usmart.o
    0x0800225c   0x0800225c   0x000000bc   Code   RO         2673    i.usmart_scan       usmart.o
    0x08002318   0x08002318   0x00000016   Code   RO         2783    i.usmart_search_nextc  usmart_str.o
    0x0800232e   0x0800232e   0x000000ca   Code   RO         2784    i.usmart_str2num    usmart_str.o
    0x080023f8   0x080023f8   0x00000022   Code   RO         2785    i.usmart_strcmp     usmart_str.o
    0x0800241a   0x0800241a   0x00000016   Code   RO         2786    i.usmart_strcopy    usmart_str.o
    0x08002430   0x08002430   0x00000018   Code   RO         2787    i.usmart_strlen     usmart_str.o
    0x08002448   0x08002448   0x000006e4   Code   RO         2674    i.usmart_sys_cmd_exe  usmart.o
    0x08002b2c   0x08002b2c   0x00000004   Code   RO         2675    i.write_addr        usmart.o
    0x08002b30   0x08002b30   0x00000028   Data   RO         2676    .conststring        usmart.o
    0x08002b58   0x08002b58   0x000000a3   Data   RO         2756    .conststring        usmart_config.o
    0x08002bfb   0x08002bfb   0x00000001   PAD
    0x08002bfc   0x08002bfc   0x00000020   Data   RO         3162    Region$$Table       anon$$obj.o


    Execution Region RW_IRAM1 (Exec base: 0x20000000, Load base: 0x08002c1c, Size: 0x0000a2a8, Max: 0x00020000, ABSOLUTE, COMPRESSED[0x00000090])

    Exec Addr    Load Addr    Size         Type   Attr      Idx    E Section Name        Object

    0x20000000   COMPRESSED   0x00000030   Data   RW          305    .data               seekfree_mt9v032.o
    0x20000030   COMPRESSED   0x00000001   Data   RW          799    .data               dcmi.o
    0x20000031   COMPRESSED   0x00000001   PAD
    0x20000032   COMPRESSED   0x00000004   Data   RW          848    .data               delay.o
    0x20000036   COMPRESSED   0x00000002   PAD
    0x20000038   COMPRESSED   0x00000006   Data   RW          907    .data               usart.o
    0x2000003e   COMPRESSED   0x00000010   Data   RW         1516    .data               stm32f4xx_rcc.o
    0x2000004e   COMPRESSED   0x00000002   PAD
    0x20000050   COMPRESSED   0x0000001c   Data   RW         2677    .data               usmart.o
    0x2000006c   COMPRESSED   0x00000124   Data   RW         2757    .data               usmart_config.o
    0x20000190        -       0x00009c40   Zero   RW          304    .bss                seekfree_mt9v032.o
    0x20009dd0        -       0x0000000e   Zero   RW          798    .bss                dcmi.o
    0x20009dde        -       0x000000c8   Zero   RW          906    .bss                usart.o
    0x20009ea6   COMPRESSED   0x00000002   PAD
    0x20009ea8        -       0x00000400   Zero   RW          949    STACK               startup_stm32f40_41xxx.o


==============================================================================

Image component sizes


      Code (inc. data)   RO Data    RW Data    ZI Data      Debug   Object Name

       512         50          0          1         14       3132   dcmi.o
       268         16          0          4          0       2807   delay.o
        52          6          0          0          0     299111   main.o
       180         24          0          0          0       2297   misc.o
       660         58          0          0          0       5723   sccb_1.o
       160         20          0         48      40000       2560   seekfree_mt9v032.o
        36          8        392          0       1024        892   startup_stm32f40_41xxx.o
       240         36          0          0          0       4603   stm32f4xx_dcmi.o
       520         26          0          0          0       5304   stm32f4xx_dma.o
       218          0          0          0          0       2538   stm32f4xx_gpio.o
        26          0          0          0          0       4566   stm32f4xx_it.o
       360         42          0         16          0       5592   stm32f4xx_rcc.o
       252         28          0          0          0       7136   stm32f4xx_tim.o
       404          8          0          0          0       4594   stm32f4xx_usart.o
       340         32          0          0          0       1641   system_stm32f4xx.o
        24          4          0          0          0        562   timer.o
       336         28          0          6        200       4044   usart.o
        68          6          0          0          0       2258   usart2.o
      3166       1332         40         28          0       8698   usmart.o
         0          0        163        292          0       1724   usmart_config.o
      1328         20          0          0          0       9553   usmart_str.o

    ----------------------------------------------------------------------
      9172       1744        628        400      41240     379335   Object Totals
         0          0         32          0          0          0   (incl. Generated)
        22          0          1          5          2          0   (incl. Padding)

    ----------------------------------------------------------------------

      Code (inc. data)   RO Data    RW Data    ZI Data      Debug   Library Member Name

        86          0          0          0          0          0   __dczerorl2.o
         0          0          0          0          0          0   entry.o
         0          0          0          0          0          0   entry10a.o
         0          0          0          0          0          0   entry11a.o
         8          4          0          0          0          0   entry2.o
         4          0          0          0          0          0   entry5.o
         0          0          0          0          0          0   entry7b.o
         0          0          0          0          0          0   entry8b.o
         8          4          0          0          0          0   entry9a.o
        30          0          0          0          0          0   handlers.o
        36          8          0          0          0         68   init.o
        30          0          0          0          0         68   llshl.o
        32          0          0          0          0         68   llushr.o
      1154         54          0          0          0        352   printf8.o
        98          0          0          0          0         92   uldiv.o

    ----------------------------------------------------------------------
      1492         70          0          0          0        648   Library Totals
         6          0          0          0          0          0   (incl. Padding)

    ----------------------------------------------------------------------

      Code (inc. data)   RO Data    RW Data    ZI Data      Debug   Library Name

      1486         70          0          0          0        648   mc_w.l

    ----------------------------------------------------------------------
      1492         70          0          0          0        648   Library Totals

    ----------------------------------------------------------------------

==============================================================================


      Code (inc. data)   RO Data    RW Data    ZI Data      Debug   

     10664       1814        628        400      41240     370507   Grand Totals
     10664       1814        628        144      41240     370507   ELF Image Totals (compressed)
     10664       1814        628        144          0          0   ROM Totals

==============================================================================

    Total RO  Size (Code + RO Data)                11292 (  11.03kB)
    Total RW  Size (RW Data + ZI Data)             41640 (  40.66kB)
    Total ROM Size (Code + RO Data + RW Data)      11436 (  11.17kB)

==============================================================================

